Archive member included to satisfy reference by file (symbol)

/home/charleshong/k230_sdk/toolchain/riscv64-linux-musleabi_for_x86_64-pc-linux-gnu/bin/../lib/gcc/riscv64-unknown-linux-musl/12.0.1/../../../../riscv64-unknown-linux-musl/lib/libc.a(__libc_start_main.o)
                              /home/charleshong/k230_sdk/toolchain/riscv64-linux-musleabi_for_x86_64-pc-linux-gnu/bin/../lib/gcc/riscv64-unknown-linux-musl/12.0.1/../../../../riscv64-unknown-linux-musl/lib/crt1.o (__libc_start_main)
/home/charleshong/k230_sdk/toolchain/riscv64-linux-musleabi_for_x86_64-pc-linux-gnu/bin/../lib/gcc/riscv64-unknown-linux-musl/12.0.1/../../../../riscv64-unknown-linux-musl/lib/libc.a(exit.o)
                              /home/charleshong/k230_sdk/toolchain/riscv64-linux-musleabi_for_x86_64-pc-linux-gnu/bin/../lib/gcc/riscv64-unknown-linux-musl/12.0.1/../../../../riscv64-unknown-linux-musl/lib/libc.a(__libc_start_main.o) (exit)
/home/charleshong/k230_sdk/toolchain/riscv64-linux-musleabi_for_x86_64-pc-linux-gnu/bin/../lib/gcc/riscv64-unknown-linux-musl/12.0.1/../../../../riscv64-unknown-linux-musl/lib/libc.a(libc.o)
                              /home/charleshong/k230_sdk/toolchain/riscv64-linux-musleabi_for_x86_64-pc-linux-gnu/bin/../lib/gcc/riscv64-unknown-linux-musl/12.0.1/../../../../riscv64-unknown-linux-musl/lib/libc.a(__libc_start_main.o) (__progname_full)
/home/charleshong/k230_sdk/toolchain/riscv64-linux-musleabi_for_x86_64-pc-linux-gnu/bin/../lib/gcc/riscv64-unknown-linux-musl/12.0.1/../../../../riscv64-unknown-linux-musl/lib/libc.a(printf.o)
                              /tmp/ccf4E60f.o (printf)
/home/charleshong/k230_sdk/toolchain/riscv64-linux-musleabi_for_x86_64-pc-linux-gnu/bin/../lib/gcc/riscv64-unknown-linux-musl/12.0.1/../../../../riscv64-unknown-linux-musl/lib/libc.a(stdout.o)
                              /home/charleshong/k230_sdk/toolchain/riscv64-linux-musleabi_for_x86_64-pc-linux-gnu/bin/../lib/gcc/riscv64-unknown-linux-musl/12.0.1/../../../../riscv64-unknown-linux-musl/lib/libc.a(printf.o) (__stdout_FILE)
/home/charleshong/k230_sdk/toolchain/riscv64-linux-musleabi_for_x86_64-pc-linux-gnu/bin/../lib/gcc/riscv64-unknown-linux-musl/12.0.1/../../../../riscv64-unknown-linux-musl/lib/libc.a(vfprintf.o)
                              /home/charleshong/k230_sdk/toolchain/riscv64-linux-musleabi_for_x86_64-pc-linux-gnu/bin/../lib/gcc/riscv64-unknown-linux-musl/12.0.1/../../../../riscv64-unknown-linux-musl/lib/libc.a(printf.o) (vfprintf)
/home/charleshong/k230_sdk/toolchain/riscv64-linux-musleabi_for_x86_64-pc-linux-gnu/bin/../lib/gcc/riscv64-unknown-linux-musl/12.0.1/../../../../riscv64-unknown-linux-musl/lib/libc.a(memset.o)
                              /home/charleshong/k230_sdk/toolchain/riscv64-linux-musleabi_for_x86_64-pc-linux-gnu/bin/../lib/gcc/riscv64-unknown-linux-musl/12.0.1/../../../../riscv64-unknown-linux-musl/lib/libc.a(__libc_start_main.o) (memset)
/home/charleshong/k230_sdk/toolchain/riscv64-linux-musleabi_for_x86_64-pc-linux-gnu/bin/../lib/gcc/riscv64-unknown-linux-musl/12.0.1/../../../../riscv64-unknown-linux-musl/lib/libc.a(strnlen.o)
                              /home/charleshong/k230_sdk/toolchain/riscv64-linux-musleabi_for_x86_64-pc-linux-gnu/bin/../lib/gcc/riscv64-unknown-linux-musl/12.0.1/../../../../riscv64-unknown-linux-musl/lib/libc.a(vfprintf.o) (strnlen)
/home/charleshong/k230_sdk/toolchain/riscv64-linux-musleabi_for_x86_64-pc-linux-gnu/bin/../lib/gcc/riscv64-unknown-linux-musl/12.0.1/../../../../riscv64-unknown-linux-musl/lib/libc.a(__environ.o)
                              /home/charleshong/k230_sdk/toolchain/riscv64-linux-musleabi_for_x86_64-pc-linux-gnu/bin/../lib/gcc/riscv64-unknown-linux-musl/12.0.1/../../../../riscv64-unknown-linux-musl/lib/libc.a(__libc_start_main.o) (__environ)
/home/charleshong/k230_sdk/toolchain/riscv64-linux-musleabi_for_x86_64-pc-linux-gnu/bin/../lib/gcc/riscv64-unknown-linux-musl/12.0.1/../../../../riscv64-unknown-linux-musl/lib/libc.a(__init_tls.o)
                              /home/charleshong/k230_sdk/toolchain/riscv64-linux-musleabi_for_x86_64-pc-linux-gnu/bin/../lib/gcc/riscv64-unknown-linux-musl/12.0.1/../../../../riscv64-unknown-linux-musl/lib/libc.a(__libc_start_main.o) (__init_tls)
/home/charleshong/k230_sdk/toolchain/riscv64-linux-musleabi_for_x86_64-pc-linux-gnu/bin/../lib/gcc/riscv64-unknown-linux-musl/12.0.1/../../../../riscv64-unknown-linux-musl/lib/libc.a(__errno_location.o)
                              /home/charleshong/k230_sdk/toolchain/riscv64-linux-musleabi_for_x86_64-pc-linux-gnu/bin/../lib/gcc/riscv64-unknown-linux-musl/12.0.1/../../../../riscv64-unknown-linux-musl/lib/libc.a(vfprintf.o) (___errno_location)
/home/charleshong/k230_sdk/toolchain/riscv64-linux-musleabi_for_x86_64-pc-linux-gnu/bin/../lib/gcc/riscv64-unknown-linux-musl/12.0.1/../../../../riscv64-unknown-linux-musl/lib/libc.a(strerror.o)
[...]
Memory Configuration

Name             Origin             Length             Attributes
*default*        0x0000000000000000 0xffffffffffffffff

Linker script and memory map

LOAD /home/charleshong/k230_sdk/toolchain/riscv64-linux-musleabi_for_x86_64-pc-linux-gnu/bin/../lib/gcc/riscv64-unknown-linux-musl/12.0.1/../../../../riscv64-unknown-linux-musl/lib/crt1.o
LOAD /home/charleshong/k230_sdk/toolchain/riscv64-linux-musleabi_for_x86_64-pc-linux-gnu/bin/../lib/gcc/riscv64-unknown-linux-musl/12.0.1/crti.o
LOAD /home/charleshong/k230_sdk/toolchain/riscv64-linux-musleabi_for_x86_64-pc-linux-gnu/bin/../lib/gcc/riscv64-unknown-linux-musl/12.0.1/crtbeginT.o
LOAD /tmp/ccK0X9Eg.o
LOAD /tmp/ccf4E60f.o
START GROUP
LOAD /home/charleshong/k230_sdk/toolchain/riscv64-linux-musleabi_for_x86_64-pc-linux-gnu/bin/../lib/gcc/riscv64-unknown-linux-musl/12.0.1/libgcc.a
LOAD /home/charleshong/k230_sdk/toolchain/riscv64-linux-musleabi_for_x86_64-pc-linux-gnu/bin/../lib/gcc/riscv64-unknown-linux-musl/12.0.1/libgcc_eh.a
LOAD /home/charleshong/k230_sdk/toolchain/riscv64-linux-musleabi_for_x86_64-pc-linux-gnu/bin/../lib/gcc/riscv64-unknown-linux-musl/12.0.1/../../../../riscv64-unknown-linux-musl/lib/libc.a
END GROUP
LOAD /home/charleshong/k230_sdk/toolchain/riscv64-linux-musleabi_for_x86_64-pc-linux-gnu/bin/../lib/gcc/riscv64-unknown-linux-musl/12.0.1/crtend.o
LOAD /home/charleshong/k230_sdk/toolchain/riscv64-linux-musleabi_for_x86_64-pc-linux-gnu/bin/../lib/gcc/riscv64-unknown-linux-musl/12.0.1/crtn.o
                0x0000000200000000                . = 0x200000000

.text           0x0000000200000000     0xb988
                0x0000000200000000                __text_start__ = .
 *(.start)
 .start         0x0000000200000000       0x14 /home/charleshong/k230_sdk/toolchain/riscv64-linux-musleabi_for_x86_64-pc-linux-gnu/bin/../lib/gcc/riscv64-unknown-linux-musl/12.0.1/../../../../riscv64-unknown-linux-musl/lib/crt1.o
                0x0000000200000000                _start
 *(.text*)
 .text          0x0000000200000014        0x0 /home/charleshong/k230_sdk/toolchain/riscv64-linux-musleabi_for_x86_64-pc-linux-gnu/bin/../lib/gcc/riscv64-unknown-linux-musl/12.0.1/../../../../riscv64-unknown-linux-musl/lib/crt1.o
 .text._start_c
                0x0000000200000014       0x28 /home/charleshong/k230_sdk/toolchain/riscv64-linux-musleabi_for_x86_64-pc-linux-gnu/bin/../lib/gcc/riscv64-unknown-linux-musl/12.0.1/../../../../riscv64-unknown-linux-musl/lib/crt1.o
                0x0000000200000014                _start_c
 .text          0x000000020000003c        0x0 /home/charleshong/k230_sdk/toolchain/riscv64-linux-musleabi_for_x86_64-pc-linux-gnu/bin/../lib/gcc/riscv64-unknown-linux-musl/12.0.1/crti.o
 .text          0x000000020000003c       0xac /home/charleshong/k230_sdk/toolchain/riscv64-linux-musleabi_for_x86_64-pc-linux-gnu/bin/../lib/gcc/riscv64-unknown-linux-musl/12.0.1/crtbeginT.o
 .text          0x00000002000000e8       0x42 /tmp/ccK0X9Eg.o
                0x00000002000000e8                NN_dot_f32
 .text          0x000000020000012a      0x1a0 /tmp/ccf4E60f.o
                0x000000020000012a                NN_mm_t_f32
                0x00000002000001b2                main
 .text          0x00000002000002ca        0x0 /home/charleshong/k230_sdk/toolchain/riscv64-linux-musleabi_for_x86_64-pc-linux-gnu/bin/../lib/gcc/riscv64-unknown-linux-musl/12.0.1/../../../../riscv64-unknown-linux-musl/lib/libc.a(__libc_start_main.o)
 .text.dummy    0x00000002000002ca        0x2 /home/charleshong/k230_sdk/toolchain/riscv64-linux-musleabi_for_x86_64-pc-linux-gnu/bin/../lib/gcc/riscv64-unknown-linux-musl/12.0.1/../../../../riscv64-unknown-linux-musl/lib/libc.a(__libc_start_main.o)
                0x00000002000002ca                _init
 .text.dummy1   0x00000002000002cc        0x2 /home/charleshong/k230_sdk/toolchain/riscv64-linux-musleabi_for_x86_64-pc-linux-gnu/bin/../lib/gcc/riscv64-unknown-linux-musl/12.0.1/../../../../riscv64-unknown-linux-musl/lib/libc.a(__libc_start_main.o)
                0x00000002000002cc                __init_ssp
 .text.__init_libc
                0x00000002000002ce       0xf4 /home/charleshong/k230_sdk/toolchain/riscv64-linux-musleabi_for_x86_64-pc-linux-gnu/bin/../lib/gcc/riscv64-unknown-linux-musl/12.0.1/../../../../riscv64-unknown-linux-musl/lib/libc.a(__libc_start_main.o)
                0x00000002000002ce                __init_libc
 .text.libc_start_init
                0x00000002000003c2       0x34 /home/charleshong/k230_sdk/toolchain/riscv64-linux-musleabi_for_x86_64-pc-linux-gnu/bin/../lib/gcc/riscv64-unknown-linux-musl/12.0.1/../../../../riscv64-unknown-linux-musl/lib/libc.a(__libc_start_main.o)
                0x00000002000003c2                __libc_start_init
 .text.libc_start_main_stage2
                0x00000002000003f6       0x2a /home/charleshong/k230_sdk/toolchain/riscv64-linux-musleabi_for_x86_64-pc-linux-gnu/bin/../lib/gcc/riscv64-unknown-linux-musl/12.0.1/../../../../riscv64-unknown-linux-musl/lib/libc.a(__libc_start_main.o)
 .text.__libc_start_main
                0x0000000200000420       0x3a /home/charleshong/k230_sdk/toolchain/riscv64-linux-musleabi_for_x86_64-pc-linux-gnu/bin/../lib/gcc/riscv64-unknown-linux-musl/12.0.1/../../../../riscv64-unknown-linux-musl/lib/libc.a(__libc_start_main.o)
                0x0000000200000420                __libc_start_main
 .text          0x000000020000045a        0x0 /home/charleshong/k230_sdk/toolchain/riscv64-linux-musleabi_for_x86_64-pc-linux-gnu/bin/../lib/gcc/riscv64-unknown-linux-musl/12.0.1/../../../../riscv64-unknown-linux-musl/lib/libc.a(exit.o)
 .text.dummy    0x000000020000045a        0x2 /home/charleshong/k230_sdk/toolchain/riscv64-linux-musleabi_for_x86_64-pc-linux-gnu/bin/../lib/gcc/riscv64-unknown-linux-musl/12.0.1/../../../../riscv64-unknown-linux-musl/lib/libc.a(exit.o)
                0x000000020000045a                __funcs_on_exit
                0x000000020000045a                _fini
 .text.libc_exit_fini
                0x000000020000045c       0x32 /home/charleshong/k230_sdk/toolchain/riscv64-linux-musleabi_for_x86_64-pc-linux-gnu/bin/../lib/gcc/riscv64-unknown-linux-musl/12.0.1/../../../../riscv64-unknown-linux-musl/lib/libc.a(exit.o)
                0x000000020000045c                __libc_exit_fini
 .text.exit     0x000000020000048e       0x1a /home/charleshong/k230_sdk/toolchain/riscv64-linux-musleabi_for_x86_64-pc-linux-gnu/bin/../lib/gcc/riscv64-unknown-linux-musl/12.0.1/../../../../riscv64-unknown-linux-musl/lib/libc.a(exit.o)
                0x000000020000048e                exit
 .text          0x00000002000004a8        0x0 /home/charleshong/k230_sdk/toolchain/riscv64-linux-musleabi_for_x86_64-pc-linux-gnu/bin/../lib/gcc/riscv64-unknown-linux-musl/12.0.1/../../../../riscv64-unknown-linux-musl/lib/libc.a(libc.o)
 .text          0x00000002000004a8        0x0 /home/charleshong/k230_sdk/toolchain/riscv64-linux-musleabi_for_x86_64-pc-linux-gnu/bin/../lib/gcc/riscv64-unknown-linux-musl/12.0.1/../../../../riscv64-unknown-linux-musl/lib/libc.a(printf.o)
 .text.printf   0x00000002000004a8       0x2e /home/charleshong/k230_sdk/toolchain/riscv64-linux-musleabi_for_x86_64-pc-linux-gnu/bin/../lib/gcc/riscv64-unknown-linux-musl/12.0.1/../../../../riscv64-unknown-linux-musl/lib/libc.a(printf.o)
                0x00000002000004a8                printf
 .text          0x00000002000004d6        0x0 /home/charleshong/k230_sdk/toolchain/riscv64-linux-musleabi_for_x86_64-pc-linux-gnu/bin/../lib/gcc/riscv64-unknown-linux-musl/12.0.1/../../../../riscv64-unknown-linux-musl/lib/libc.a(stdout.o)
 .text          0x00000002000004d6        0x0 /home/charleshong/k230_sdk/toolchain/riscv64-linux-musleabi_for_x86_64-pc-linux-gnu/bin/../lib/gcc/riscv64-unknown-linux-musl/12.0.1/../../../../riscv64-unknown-linux-musl/lib/libc.a(vfprintf.o)
 .text.pop_arg  0x00000002000004d6       0xcc /home/charleshong/k230_sdk/toolchain/riscv64-linux-musleabi_for_x86_64-pc-linux-gnu/bin/../lib/gcc/riscv64-unknown-linux-musl/12.0.1/../../../../riscv64-unknown-linux-musl/lib/libc.a(vfprintf.o)
 .text.pad.part.0
                0x00000002000005a2       0x8e /home/charleshong/k230_sdk/toolchain/riscv64-linux-musleabi_for_x86_64-pc-linux-gnu/bin/../lib/gcc/riscv64-unknown-linux-musl/12.0.1/../../../../riscv64-unknown-linux-musl/lib/libc.a(vfprintf.o)
 .text.fmt_fp   0x0000000200000630      0xf66 /home/charleshong/k230_sdk/toolchain/riscv64-linux-musleabi_for_x86_64-pc-linux-gnu/bin/../lib/gcc/riscv64-unknown-linux-musl/12.0.1/../../../../riscv64-unknown-linux-musl/lib/libc.a(vfprintf.o)
 .text.printf_core
                0x0000000200001596      0x91e /home/charleshong/k230_sdk/toolchain/riscv64-linux-musleabi_for_x86_64-pc-linux-gnu/bin/../lib/gcc/riscv64-unknown-linux-musl/12.0.1/../../../../riscv64-unknown-linux-musl/lib/libc.a(vfprintf.o)
 .text.vfprintf
                0x0000000200001eb4      0x10c /home/charleshong/k230_sdk/toolchain/riscv64-linux-musleabi_for_x86_64-pc-linux-gnu/bin/../lib/gcc/riscv64-unknown-linux-musl/12.0.1/../../../../riscv64-unknown-linux-musl/lib/libc.a(vfprintf.o)
                0x0000000200001eb4                vfprintf
 .text          0x0000000200001fc0        0x0 /home/charleshong/k230_sdk/toolchain/riscv64-linux-musleabi_for_x86_64-pc-linux-gnu/bin/../lib/gcc/riscv64-unknown-linux-musl/12.0.1/../../../../riscv64-unknown-linux-musl/lib/libc.a(memset.o)
 .text.memset   0x0000000200001fc0       0xce /home/charleshong/k230_sdk/toolchain/riscv64-linux-musleabi_for_x86_64-pc-linux-gnu/bin/../lib/gcc/riscv64-unknown-linux-musl/12.0.1/../../../../riscv64-unknown-linux-musl/lib/libc.a(memset.o)
                0x0000000200001fc0                memset
 .text          0x000000020000208e        0x0 /home/charleshong/k230_sdk/toolchain/riscv64-linux-musleabi_for_x86_64-pc-linux-gnu/bin/../lib/gcc/riscv64-unknown-linux-musl/12.0.1/../../../../riscv64-unknown-linux-musl/lib/libc.a(strnlen.o)
 .text.strnlen  0x000000020000208e       0x2e /home/charleshong/k230_sdk/toolchain/riscv64-linux-musleabi_for_x86_64-pc-linux-gnu/bin/../lib/gcc/riscv64-unknown-linux-musl/12.0.1/../../../../riscv64-unknown-linux-musl/lib/libc.a(strnlen.o)
                0x000000020000208e                strnlen
 .text          0x00000002000020bc        0x0 /home/charleshong/k230_sdk/toolchain/riscv64-linux-musleabi_for_x86_64-pc-linux-gnu/bin/../lib/gcc/riscv64-unknown-linux-musl/12.0.1/../../../../riscv64-unknown-linux-musl/lib/libc.a(__environ.o)
 .text          0x00000002000020bc        0x0 /home/charleshong/k230_sdk/toolchain/riscv64-linux-musleabi_for_x86_64-pc-linux-gnu/bin/../lib/gcc/riscv64-unknown-linux-musl/12.0.1/../../../../riscv64-unknown-linux-musl/lib/libc.a(__init_tls.o)
 .text.__init_tp
                0x00000002000020bc       0x66 /home/charleshong/k230_sdk/toolchain/riscv64-linux-musleabi_for_x86_64-pc-linux-gnu/bin/../lib/gcc/riscv64-unknown-linux-musl/12.0.1/../../../../riscv64-unknown-linux-musl/lib/libc.a(__init_tls.o)
                0x00000002000020bc                __init_tp
 .text.__copy_tls
                0x0000000200002122       0x8a /home/charleshong/k230_sdk/toolchain/riscv64-linux-musleabi_for_x86_64-pc-linux-gnu/bin/../lib/gcc/riscv64-unknown-linux-musl/12.0.1/../../../../riscv64-unknown-linux-musl/lib/libc.a(__init_tls.o)
                0x0000000200002122                __copy_tls
 .text.static_init_tls
                0x00000002000021ac      0x180 /home/charleshong/k230_sdk/toolchain/riscv64-linux-musleabi_for_x86_64-pc-linux-gnu/bin/../lib/gcc/riscv64-unknown-linux-musl/12.0.1/../../../../riscv64-unknown-linux-musl/lib/libc.a(__init_tls.o)
                0x00000002000021ac                __init_tls
 .text          0x000000020000232c        0x0 /home/charleshong/k230_sdk/toolchain/riscv64-linux-musleabi_for_x86_64-pc-linux-gnu/bin/../lib/gcc/riscv64-unknown-linux-musl/12.0.1/../../../../riscv64-unknown-linux-musl/lib/libc.a(__errno_location.o)
 .text.__errno_location
                0x000000020000232c        0x8 /home/charleshong/k230_sdk/toolchain/riscv64-linux-musleabi_for_x86_64-pc-linux-gnu/bin/../lib/gcc/riscv64-unknown-linux-musl/12.0.1/../../../../riscv64-unknown-linux-musl/lib/libc.a(__errno_location.o)
                0x000000020000232c                ___errno_location
                0x000000020000232c                __errno_location
 .text          0x0000000200002334        0x0 /home/charleshong/k230_sdk/toolchain/riscv64-linux-musleabi_for_x86_64-pc-linux-gnu/bin/../lib/gcc/riscv64-unknown-linux-musl/12.0.1/../../../../riscv64-unknown-linux-musl/lib/libc.a(strerror.o)
 .text.__strerror_l
                0x0000000200002334       0x54 /home/charleshong/k230_sdk/toolchain/riscv64-linux-musleabi_for_x86_64-pc-linux-gnu/bin/../lib/gcc/riscv64-unknown-linux-musl/12.0.1/../../../../riscv64-unknown-linux-musl/lib/libc.a(strerror.o)
                0x0000000200002334                strerror_l
                0x0000000200002334                __strerror_l
 .text.strerror
                0x0000000200002388        0x8 /home/charleshong/k230_sdk/toolchain/riscv64-linux-musleabi_for_x86_64-pc-linux-gnu/bin/../lib/gcc/riscv64-unknown-linux-musl/12.0.1/../../../../riscv64-unknown-linux-musl/lib/libc.a(strerror.o)
                0x0000000200002388                strerror
 .text          0x0000000200002390        0x0 /home/charleshong/k230_sdk/toolchain/riscv64-linux-musleabi_for_x86_64-pc-linux-gnu/bin/../lib/gcc/riscv64-unknown-linux-musl/12.0.1/../../../../riscv64-unknown-linux-musl/lib/libc.a(_Exit.o)
 .text._Exit    0x0000000200002390       0x26 /home/charleshong/k230_sdk/toolchain/riscv64-linux-musleabi_for_x86_64-pc-linux-gnu/bin/../lib/gcc/riscv64-unknown-linux-musl/12.0.1/../../../../riscv64-unknown-linux-musl/lib/libc.a(_Exit.o)
                0x0000000200002390                _Exit
 .text          0x00000002000023b6        0x0 /home/charleshong/k230_sdk/toolchain/riscv64-linux-musleabi_for_x86_64-pc-linux-gnu/bin/../lib/gcc/riscv64-unknown-linux-musl/12.0.1/../../../../riscv64-unknown-linux-musl/lib/libc.a(syscall.o)
 .text.syscall_set_thread_area
                0x00000002000023b6        0xa /home/charleshong/k230_sdk/toolchain/riscv64-linux-musleabi_for_x86_64-pc-linux-gnu/bin/../lib/gcc/riscv64-unknown-linux-musl/12.0.1/../../../../riscv64-unknown-linux-musl/lib/libc.a(syscall.o)
 .text.syscall_shmdt
                0x00000002000023c0        0xa /home/charleshong/k230_sdk/toolchain/riscv64-linux-musleabi_for_x86_64-pc-linux-gnu/bin/../lib/gcc/riscv64-unknown-linux-musl/12.0.1/../../../../riscv64-unknown-linux-musl/lib/libc.a(syscall.o)
 .text.syscall_timer_delete
                0x00000002000023ca        0xa /home/charleshong/k230_sdk/toolchain/riscv64-linux-musleabi_for_x86_64-pc-linux-gnu/bin/../lib/gcc/riscv64-unknown-linux-musl/12.0.1/../../../../riscv64-unknown-linux-musl/lib/libc.a(syscall.o)
 .text.syscall_timer_getoverrun
                0x00000002000023d4        0xa /home/charleshong/k230_sdk/toolchain/riscv64-linux-musleabi_for_x86_64-pc-linux-gnu/bin/../lib/gcc/riscv64-unknown-linux-musl/12.0.1/../../../../riscv64-unknown-linux-musl/lib/libc.a(syscall.o)
 .text.syscall_set_tid_address
                0x00000002000023de        0xa /home/charleshong/k230_sdk/toolchain/riscv64-linux-musleabi_for_x86_64-pc-linux-gnu/bin/../lib/gcc/riscv64-unknown-linux-musl/12.0.1/../../../../riscv64-unknown-linux-musl/lib/libc.a(syscall.o)
 .text.syscall_exit_group
                0x00000002000023e8        0xa /home/charleshong/k230_sdk/toolchain/riscv64-linux-musleabi_for_x86_64-pc-linux-gnu/bin/../lib/gcc/riscv64-unknown-linux-musl/12.0.1/../../../../riscv64-unknown-linux-musl/lib/libc.a(syscall.o)
 .text.syscall_sched_get_priority_min
                0x00000002000023f2        0xa /home/charleshong/k230_sdk/toolchain/riscv64-linux-musleabi_for_x86_64-pc-linux-gnu/bin/../lib/gcc/riscv64-unknown-linux-musl/12.0.1/../../../../riscv64-unknown-linux-musl/lib/libc.a(syscall.o)
 .text.syscall_sched_get_priority_max
                0x00000002000023fc        0xa /home/charleshong/k230_sdk/toolchain/riscv64-linux-musleabi_for_x86_64-pc-linux-gnu/bin/../lib/gcc/riscv64-unknown-linux-musl/12.0.1/../../../../riscv64-unknown-linux-musl/lib/libc.a(syscall.o)
 .text.syscall_fsync
                0x0000000200002406        0xa /home/charleshong/k230_sdk/toolchain/riscv64-linux-musleabi_for_x86_64-pc-linux-gnu/bin/../lib/gcc/riscv64-unknown-linux-musl/12.0.1/../../../../riscv64-unknown-linux-musl/lib/libc.a(syscall.o)
 .text.syscall_brk
                0x0000000200002410        0xa /home/charleshong/k230_sdk/toolchain/riscv64-linux-musleabi_for_x86_64-pc-linux-gnu/bin/../lib/gcc/riscv64-unknown-linux-musl/12.0.1/../../../../riscv64-unknown-linux-musl/lib/libc.a(syscall.o)
 .text.syscall_pipe
                0x000000020000241a        0xa /home/charleshong/k230_sdk/toolchain/riscv64-linux-musleabi_for_x86_64-pc-linux-gnu/bin/../lib/gcc/riscv64-unknown-linux-musl/12.0.1/../../../../riscv64-unknown-linux-musl/lib/libc.a(syscall.o)
 .text.syscall_dup
                0x0000000200002424        0xa /home/charleshong/k230_sdk/toolchain/riscv64-linux-musleabi_for_x86_64-pc-linux-gnu/bin/../lib/gcc/riscv64-unknown-linux-musl/12.0.1/../../../../riscv64-unknown-linux-musl/lib/libc.a(syscall.o)
 .text.syscall_rmdir
                0x000000020000242e        0xa /home/charleshong/k230_sdk/toolchain/riscv64-linux-musleabi_for_x86_64-pc-linux-gnu/bin/../lib/gcc/riscv64-unknown-linux-musl/12.0.1/../../../../riscv64-unknown-linux-musl/lib/libc.a(syscall.o)
 .text.syscall_chdir
                0x0000000200002438        0xa /home/charleshong/k230_sdk/toolchain/riscv64-linux-musleabi_for_x86_64-pc-linux-gnu/bin/../lib/gcc/riscv64-unknown-linux-musl/12.0.1/../../../../riscv64-unknown-linux-musl/lib/libc.a(syscall.o)
 .text.syscall_unlink
                0x0000000200002442        0xa /home/charleshong/k230_sdk/toolchain/riscv64-linux-musleabi_for_x86_64-pc-linux-gnu/bin/../lib/gcc/riscv64-unknown-linux-musl/12.0.1/../../../../riscv64-unknown-linux-musl/lib/libc.a(syscall.o)
 .text.syscall_close
                0x000000020000244c        0x8 /home/charleshong/k230_sdk/toolchain/riscv64-linux-musleabi_for_x86_64-pc-linux-gnu/bin/../lib/gcc/riscv64-unknown-linux-musl/12.0.1/../../../../riscv64-unknown-linux-musl/lib/libc.a(syscall.o)
 .text.syscall_exit
                0x0000000200002454        0x8 /home/charleshong/k230_sdk/toolchain/riscv64-linux-musleabi_for_x86_64-pc-linux-gnu/bin/../lib/gcc/riscv64-unknown-linux-musl/12.0.1/../../../../riscv64-unknown-linux-musl/lib/libc.a(syscall.o)
 .text.syscall_timerfd_gettime
                0x000000020000245c       0x30 /home/charleshong/k230_sdk/toolchain/riscv64-linux-musleabi_for_x86_64-pc-linux-gnu/bin/../lib/gcc/riscv64-unknown-linux-musl/12.0.1/../../../../riscv64-unknown-linux-musl/lib/libc.a(syscall.o)
 .text.syscall_listen
                0x000000020000248c        0xc /home/charleshong/k230_sdk/toolchain/riscv64-linux-musleabi_for_x86_64-pc-linux-gnu/bin/../lib/gcc/riscv64-unknown-linux-musl/12.0.1/../../../../riscv64-unknown-linux-musl/lib/libc.a(syscall.o)
 .text.syscall_clock_getres
                0x0000000200002498        0xc /home/charleshong/k230_sdk/toolchain/riscv64-linux-musleabi_for_x86_64-pc-linux-gnu/bin/../lib/gcc/riscv64-unknown-linux-musl/12.0.1/../../../../riscv64-unknown-linux-musl/lib/libc.a(syscall.o)
 .text.syscall_clock_gettime
                0x00000002000024a4        0xc /home/charleshong/k230_sdk/toolchain/riscv64-linux-musleabi_for_x86_64-pc-linux-gnu/bin/../lib/gcc/riscv64-unknown-linux-musl/12.0.1/../../../../riscv64-unknown-linux-musl/lib/libc.a(syscall.o)
 .text.syscall_clock_settime
                0x00000002000024b0        0xc /home/charleshong/k230_sdk/toolchain/riscv64-linux-musleabi_for_x86_64-pc-linux-gnu/bin/../lib/gcc/riscv64-unknown-linux-musl/12.0.1/../../../../riscv64-unknown-linux-musl/lib/libc.a(syscall.o)
 .text.syscall_timer_gettime
                0x00000002000024bc        0xc /home/charleshong/k230_sdk/toolchain/riscv64-linux-musleabi_for_x86_64-pc-linux-gnu/bin/../lib/gcc/riscv64-unknown-linux-musl/12.0.1/../../../../riscv64-unknown-linux-musl/lib/libc.a(syscall.o)
 .text.syscall_tkill
                0x00000002000024c8       0x18 /home/charleshong/k230_sdk/toolchain/riscv64-linux-musleabi_for_x86_64-pc-linux-gnu/bin/../lib/gcc/riscv64-unknown-linux-musl/12.0.1/../../../../riscv64-unknown-linux-musl/lib/libc.a(syscall.o)
 .text.syscall_fstat64
                0x00000002000024e0        0xa /home/charleshong/k230_sdk/toolchain/riscv64-linux-musleabi_for_x86_64-pc-linux-gnu/bin/../lib/gcc/riscv64-unknown-linux-musl/12.0.1/../../../../riscv64-unknown-linux-musl/lib/libc.a(syscall.o)
 .text.syscall_ugetrlimit
                0x00000002000024ea       0x10 /home/charleshong/k230_sdk/toolchain/riscv64-linux-musleabi_for_x86_64-pc-linux-gnu/bin/../lib/gcc/riscv64-unknown-linux-musl/12.0.1/../../../../riscv64-unknown-linux-musl/lib/libc.a(syscall.o)
 .text.syscall_getcwd
                0x00000002000024fa        0xc /home/charleshong/k230_sdk/toolchain/riscv64-linux-musleabi_for_x86_64-pc-linux-gnu/bin/../lib/gcc/riscv64-unknown-linux-musl/12.0.1/../../../../riscv64-unknown-linux-musl/lib/libc.a(syscall.o)
 .text.syscall_nanosleep
                0x0000000200002506        0xa /home/charleshong/k230_sdk/toolchain/riscv64-linux-musleabi_for_x86_64-pc-linux-gnu/bin/../lib/gcc/riscv64-unknown-linux-musl/12.0.1/../../../../riscv64-unknown-linux-musl/lib/libc.a(syscall.o)
 .text.syscall_sched_getparam
                0x0000000200002510        0xc /home/charleshong/k230_sdk/toolchain/riscv64-linux-musleabi_for_x86_64-pc-linux-gnu/bin/../lib/gcc/riscv64-unknown-linux-musl/12.0.1/../../../../riscv64-unknown-linux-musl/lib/libc.a(syscall.o)
 .text.syscall_sched_setparam
                0x000000020000251c        0xc /home/charleshong/k230_sdk/toolchain/riscv64-linux-musleabi_for_x86_64-pc-linux-gnu/bin/../lib/gcc/riscv64-unknown-linux-musl/12.0.1/../../../../riscv64-unknown-linux-musl/lib/libc.a(syscall.o)
 .text.syscall_stat
                0x0000000200002528        0xc /home/charleshong/k230_sdk/toolchain/riscv64-linux-musleabi_for_x86_64-pc-linux-gnu/bin/../lib/gcc/riscv64-unknown-linux-musl/12.0.1/../../../../riscv64-unknown-linux-musl/lib/libc.a(syscall.o)
 .text.syscall_munmap
                0x0000000200002534        0xc /home/charleshong/k230_sdk/toolchain/riscv64-linux-musleabi_for_x86_64-pc-linux-gnu/bin/../lib/gcc/riscv64-unknown-linux-musl/12.0.1/../../../../riscv64-unknown-linux-musl/lib/libc.a(syscall.o)
 .text.syscall_setrlimit
                0x0000000200002540        0xc /home/charleshong/k230_sdk/toolchain/riscv64-linux-musleabi_for_x86_64-pc-linux-gnu/bin/../lib/gcc/riscv64-unknown-linux-musl/12.0.1/../../../../riscv64-unknown-linux-musl/lib/libc.a(syscall.o)
 .text.syscall_dup2
                0x000000020000254c        0xc /home/charleshong/k230_sdk/toolchain/riscv64-linux-musleabi_for_x86_64-pc-linux-gnu/bin/../lib/gcc/riscv64-unknown-linux-musl/12.0.1/../../../../riscv64-unknown-linux-musl/lib/libc.a(syscall.o)
 .text.syscall_mkdir
                0x0000000200002558       0x10 /home/charleshong/k230_sdk/toolchain/riscv64-linux-musleabi_for_x86_64-pc-linux-gnu/bin/../lib/gcc/riscv64-unknown-linux-musl/12.0.1/../../../../riscv64-unknown-linux-musl/lib/libc.a(syscall.o)
 .text.syscall_rename
                0x0000000200002568        0xc /home/charleshong/k230_sdk/toolchain/riscv64-linux-musleabi_for_x86_64-pc-linux-gnu/bin/../lib/gcc/riscv64-unknown-linux-musl/12.0.1/../../../../riscv64-unknown-linux-musl/lib/libc.a(syscall.o)
 .text.syscall_kill
                0x0000000200002574        0xa /home/charleshong/k230_sdk/toolchain/riscv64-linux-musleabi_for_x86_64-pc-linux-gnu/bin/../lib/gcc/riscv64-unknown-linux-musl/12.0.1/../../../../riscv64-unknown-linux-musl/lib/libc.a(syscall.o)
 .text.syscall_access
                0x000000020000257e        0xc /home/charleshong/k230_sdk/toolchain/riscv64-linux-musleabi_for_x86_64-pc-linux-gnu/bin/../lib/gcc/riscv64-unknown-linux-musl/12.0.1/../../../../riscv64-unknown-linux-musl/lib/libc.a(syscall.o)
 .text.syscall_getrandom
                0x000000020000258a       0x12 /home/charleshong/k230_sdk/toolchain/riscv64-linux-musleabi_for_x86_64-pc-linux-gnu/bin/../lib/gcc/riscv64-unknown-linux-musl/12.0.1/../../../../riscv64-unknown-linux-musl/lib/libc.a(syscall.o)
 .text.syscall_shmctl
                0x000000020000259c        0xe /home/charleshong/k230_sdk/toolchain/riscv64-linux-musleabi_for_x86_64-pc-linux-gnu/bin/../lib/gcc/riscv64-unknown-linux-musl/12.0.1/../../../../riscv64-unknown-linux-musl/lib/libc.a(syscall.o)
 .text.syscall_shmget
                0x00000002000025aa        0xe /home/charleshong/k230_sdk/toolchain/riscv64-linux-musleabi_for_x86_64-pc-linux-gnu/bin/../lib/gcc/riscv64-unknown-linux-musl/12.0.1/../../../../riscv64-unknown-linux-musl/lib/libc.a(syscall.o)
 .text.syscall_shmat
                0x00000002000025b8        0xe /home/charleshong/k230_sdk/toolchain/riscv64-linux-musleabi_for_x86_64-pc-linux-gnu/bin/../lib/gcc/riscv64-unknown-linux-musl/12.0.1/../../../../riscv64-unknown-linux-musl/lib/libc.a(syscall.o)
 .text.syscall_getpeername
                0x00000002000025c6        0xe /home/charleshong/k230_sdk/toolchain/riscv64-linux-musleabi_for_x86_64-pc-linux-gnu/bin/../lib/gcc/riscv64-unknown-linux-musl/12.0.1/../../../../riscv64-unknown-linux-musl/lib/libc.a(syscall.o)
 .text.syscall_getsockname
                0x00000002000025d4        0xe /home/charleshong/k230_sdk/toolchain/riscv64-linux-musleabi_for_x86_64-pc-linux-gnu/bin/../lib/gcc/riscv64-unknown-linux-musl/12.0.1/../../../../riscv64-unknown-linux-musl/lib/libc.a(syscall.o)
 .text.syscall_accept
                0x00000002000025e2        0xe /home/charleshong/k230_sdk/toolchain/riscv64-linux-musleabi_for_x86_64-pc-linux-gnu/bin/../lib/gcc/riscv64-unknown-linux-musl/12.0.1/../../../../riscv64-unknown-linux-musl/lib/libc.a(syscall.o)
 .text.syscall_connect
                0x00000002000025f0       0x12 /home/charleshong/k230_sdk/toolchain/riscv64-linux-musleabi_for_x86_64-pc-linux-gnu/bin/../lib/gcc/riscv64-unknown-linux-musl/12.0.1/../../../../riscv64-unknown-linux-musl/lib/libc.a(syscall.o)
 .text.syscall_bind
                0x0000000200002602       0x12 /home/charleshong/k230_sdk/toolchain/riscv64-linux-musleabi_for_x86_64-pc-linux-gnu/bin/../lib/gcc/riscv64-unknown-linux-musl/12.0.1/../../../../riscv64-unknown-linux-musl/lib/libc.a(syscall.o)
 .text.syscall_socket
                0x0000000200002614        0xe /home/charleshong/k230_sdk/toolchain/riscv64-linux-musleabi_for_x86_64-pc-linux-gnu/bin/../lib/gcc/riscv64-unknown-linux-musl/12.0.1/../../../../riscv64-unknown-linux-musl/lib/libc.a(syscall.o)
 .text.syscall_timer_create
                0x0000000200002622        0xe /home/charleshong/k230_sdk/toolchain/riscv64-linux-musleabi_for_x86_64-pc-linux-gnu/bin/../lib/gcc/riscv64-unknown-linux-musl/12.0.1/../../../../riscv64-unknown-linux-musl/lib/libc.a(syscall.o)
 .text.syscall_sched_setaffinity
                0x0000000200002630       0x1a /home/charleshong/k230_sdk/toolchain/riscv64-linux-musleabi_for_x86_64-pc-linux-gnu/bin/../lib/gcc/riscv64-unknown-linux-musl/12.0.1/../../../../riscv64-unknown-linux-musl/lib/libc.a(syscall.o)
 .text.syscall_madvise
                0x000000020000264a        0xe /home/charleshong/k230_sdk/toolchain/riscv64-linux-musleabi_for_x86_64-pc-linux-gnu/bin/../lib/gcc/riscv64-unknown-linux-musl/12.0.1/../../../../riscv64-unknown-linux-musl/lib/libc.a(syscall.o)
 .text.syscall_poll
                0x0000000200002658        0xc /home/charleshong/k230_sdk/toolchain/riscv64-linux-musleabi_for_x86_64-pc-linux-gnu/bin/../lib/gcc/riscv64-unknown-linux-musl/12.0.1/../../../../riscv64-unknown-linux-musl/lib/libc.a(syscall.o)
 .text.syscall_sched_getscheduler
                0x0000000200002664        0xe /home/charleshong/k230_sdk/toolchain/riscv64-linux-musleabi_for_x86_64-pc-linux-gnu/bin/../lib/gcc/riscv64-unknown-linux-musl/12.0.1/../../../../riscv64-unknown-linux-musl/lib/libc.a(syscall.o)
 .text.syscall_sched_setscheduler
                0x0000000200002672        0xe /home/charleshong/k230_sdk/toolchain/riscv64-linux-musleabi_for_x86_64-pc-linux-gnu/bin/../lib/gcc/riscv64-unknown-linux-musl/12.0.1/../../../../riscv64-unknown-linux-musl/lib/libc.a(syscall.o)
 .text.syscall_writev
                0x0000000200002680       0x64 /home/charleshong/k230_sdk/toolchain/riscv64-linux-musleabi_for_x86_64-pc-linux-gnu/bin/../lib/gcc/riscv64-unknown-linux-musl/12.0.1/../../../../riscv64-unknown-linux-musl/lib/libc.a(syscall.o)
 .text.syscall_readv
                0x00000002000026e4       0x5e /home/charleshong/k230_sdk/toolchain/riscv64-linux-musleabi_for_x86_64-pc-linux-gnu/bin/../lib/gcc/riscv64-unknown-linux-musl/12.0.1/../../../../riscv64-unknown-linux-musl/lib/libc.a(syscall.o)
 .text.syscall_getdents
                0x0000000200002742        0xe /home/charleshong/k230_sdk/toolchain/riscv64-linux-musleabi_for_x86_64-pc-linux-gnu/bin/../lib/gcc/riscv64-unknown-linux-musl/12.0.1/../../../../riscv64-unknown-linux-musl/lib/libc.a(syscall.o)
 .text.syscall__llseek
                0x0000000200002750       0x2a /home/charleshong/k230_sdk/toolchain/riscv64-linux-musleabi_for_x86_64-pc-linux-gnu/bin/../lib/gcc/riscv64-unknown-linux-musl/12.0.1/../../../../riscv64-unknown-linux-musl/lib/libc.a(syscall.o)
 .text.syscall_readlink
                0x000000020000277a        0xe /home/charleshong/k230_sdk/toolchain/riscv64-linux-musleabi_for_x86_64-pc-linux-gnu/bin/../lib/gcc/riscv64-unknown-linux-musl/12.0.1/../../../../riscv64-unknown-linux-musl/lib/libc.a(syscall.o)
 .text.syscall_fcntl
                0x0000000200002788        0xc /home/charleshong/k230_sdk/toolchain/riscv64-linux-musleabi_for_x86_64-pc-linux-gnu/bin/../lib/gcc/riscv64-unknown-linux-musl/12.0.1/../../../../riscv64-unknown-linux-musl/lib/libc.a(syscall.o)
 .text.syscall_execve
                0x0000000200002794        0xe /home/charleshong/k230_sdk/toolchain/riscv64-linux-musleabi_for_x86_64-pc-linux-gnu/bin/../lib/gcc/riscv64-unknown-linux-musl/12.0.1/../../../../riscv64-unknown-linux-musl/lib/libc.a(syscall.o)
 .text.syscall_open
                0x00000002000027a2       0x10 /home/charleshong/k230_sdk/toolchain/riscv64-linux-musleabi_for_x86_64-pc-linux-gnu/bin/../lib/gcc/riscv64-unknown-linux-musl/12.0.1/../../../../riscv64-unknown-linux-musl/lib/libc.a(syscall.o)
 .text.syscall_write
                0x00000002000027b2        0xc /home/charleshong/k230_sdk/toolchain/riscv64-linux-musleabi_for_x86_64-pc-linux-gnu/bin/../lib/gcc/riscv64-unknown-linux-musl/12.0.1/../../../../riscv64-unknown-linux-musl/lib/libc.a(syscall.o)
 .text.syscall_read
                0x00000002000027be        0xc /home/charleshong/k230_sdk/toolchain/riscv64-linux-musleabi_for_x86_64-pc-linux-gnu/bin/../lib/gcc/riscv64-unknown-linux-musl/12.0.1/../../../../riscv64-unknown-linux-musl/lib/libc.a(syscall.o)
 .text.syscall_prlimit64
                0x00000002000027ca       0x14 /home/charleshong/k230_sdk/toolchain/riscv64-linux-musleabi_for_x86_64-pc-linux-gnu/bin/../lib/gcc/riscv64-unknown-linux-musl/12.0.1/../../../../riscv64-unknown-linux-musl/lib/libc.a(syscall.o)
 .text.syscall_recv
                0x00000002000027de       0x10 /home/charleshong/k230_sdk/toolchain/riscv64-linux-musleabi_for_x86_64-pc-linux-gnu/bin/../lib/gcc/riscv64-unknown-linux-musl/12.0.1/../../../../riscv64-unknown-linux-musl/lib/libc.a(syscall.o)
 .text.syscall_send
                0x00000002000027ee       0x10 /home/charleshong/k230_sdk/toolchain/riscv64-linux-musleabi_for_x86_64-pc-linux-gnu/bin/../lib/gcc/riscv64-unknown-linux-musl/12.0.1/../../../../riscv64-unknown-linux-musl/lib/libc.a(syscall.o)
 .text.syscall_clock_nanosleep
                0x00000002000027fe       0x10 /home/charleshong/k230_sdk/toolchain/riscv64-linux-musleabi_for_x86_64-pc-linux-gnu/bin/../lib/gcc/riscv64-unknown-linux-musl/12.0.1/../../../../riscv64-unknown-linux-musl/lib/libc.a(syscall.o)
 .text.syscall_timer_settime
                0x000000020000280e       0x10 /home/charleshong/k230_sdk/toolchain/riscv64-linux-musleabi_for_x86_64-pc-linux-gnu/bin/../lib/gcc/riscv64-unknown-linux-musl/12.0.1/../../../../riscv64-unknown-linux-musl/lib/libc.a(syscall.o)
 .text.syscall_rt_sigprocmask
                0x000000020000281e       0x1c /home/charleshong/k230_sdk/toolchain/riscv64-linux-musleabi_for_x86_64-pc-linux-gnu/bin/../lib/gcc/riscv64-unknown-linux-musl/12.0.1/../../../../riscv64-unknown-linux-musl/lib/libc.a(syscall.o)
 .text.syscall_rt_sigaction
                0x000000020000283a       0x1c /home/charleshong/k230_sdk/toolchain/riscv64-linux-musleabi_for_x86_64-pc-linux-gnu/bin/../lib/gcc/riscv64-unknown-linux-musl/12.0.1/../../../../riscv64-unknown-linux-musl/lib/libc.a(syscall.o)
 .text.syscall_sigprocmask
                0x0000000200002856       0x1e /home/charleshong/k230_sdk/toolchain/riscv64-linux-musleabi_for_x86_64-pc-linux-gnu/bin/../lib/gcc/riscv64-unknown-linux-musl/12.0.1/../../../../riscv64-unknown-linux-musl/lib/libc.a(syscall.o)
 .text.syscall_sigaction
                0x0000000200002874       0x1e /home/charleshong/k230_sdk/toolchain/riscv64-linux-musleabi_for_x86_64-pc-linux-gnu/bin/../lib/gcc/riscv64-unknown-linux-musl/12.0.1/../../../../riscv64-unknown-linux-musl/lib/libc.a(syscall.o)
 .text.syscall_getsockopt
                0x0000000200002892       0x12 /home/charleshong/k230_sdk/toolchain/riscv64-linux-musleabi_for_x86_64-pc-linux-gnu/bin/../lib/gcc/riscv64-unknown-linux-musl/12.0.1/../../../../riscv64-unknown-linux-musl/lib/libc.a(syscall.o)
 .text.syscall_setsockopt
                0x00000002000028a4       0x16 /home/charleshong/k230_sdk/toolchain/riscv64-linux-musleabi_for_x86_64-pc-linux-gnu/bin/../lib/gcc/riscv64-unknown-linux-musl/12.0.1/../../../../riscv64-unknown-linux-musl/lib/libc.a(syscall.o)
 .text.syscall_mremap
                0x00000002000028ba       0x12 /home/charleshong/k230_sdk/toolchain/riscv64-linux-musleabi_for_x86_64-pc-linux-gnu/bin/../lib/gcc/riscv64-unknown-linux-musl/12.0.1/../../../../riscv64-unknown-linux-musl/lib/libc.a(syscall.o)
 .text.syscall__newselect
                0x00000002000028cc       0x12 /home/charleshong/k230_sdk/toolchain/riscv64-linux-musleabi_for_x86_64-pc-linux-gnu/bin/../lib/gcc/riscv64-unknown-linux-musl/12.0.1/../../../../riscv64-unknown-linux-musl/lib/libc.a(syscall.o)
 .text.syscall_recvfrom
                0x00000002000028de       0x14 /home/charleshong/k230_sdk/toolchain/riscv64-linux-musleabi_for_x86_64-pc-linux-gnu/bin/../lib/gcc/riscv64-unknown-linux-musl/12.0.1/../../../../riscv64-unknown-linux-musl/lib/libc.a(syscall.o)
 .text.syscall_sendto
                0x00000002000028f2       0x1a /home/charleshong/k230_sdk/toolchain/riscv64-linux-musleabi_for_x86_64-pc-linux-gnu/bin/../lib/gcc/riscv64-unknown-linux-musl/12.0.1/../../../../riscv64-unknown-linux-musl/lib/libc.a(syscall.o)
 .text.syscall_futex
                0x000000020000290c       0x20 /home/charleshong/k230_sdk/toolchain/riscv64-linux-musleabi_for_x86_64-pc-linux-gnu/bin/../lib/gcc/riscv64-unknown-linux-musl/12.0.1/../../../../riscv64-unknown-linux-musl/lib/libc.a(syscall.o)
 .text.syscall_mmap2
                0x000000020000292c       0x14 /home/charleshong/k230_sdk/toolchain/riscv64-linux-musleabi_for_x86_64-pc-linux-gnu/bin/../lib/gcc/riscv64-unknown-linux-musl/12.0.1/../../../../riscv64-unknown-linux-musl/lib/libc.a(syscall.o)
 .text.syscall_gettid
                0x0000000200002940        0x8 /home/charleshong/k230_sdk/toolchain/riscv64-linux-musleabi_for_x86_64-pc-linux-gnu/bin/../lib/gcc/riscv64-unknown-linux-musl/12.0.1/../../../../riscv64-unknown-linux-musl/lib/libc.a(syscall.o)
 .text.syscall_vfork
                0x0000000200002948        0x8 /home/charleshong/k230_sdk/toolchain/riscv64-linux-musleabi_for_x86_64-pc-linux-gnu/bin/../lib/gcc/riscv64-unknown-linux-musl/12.0.1/../../../../riscv64-unknown-linux-musl/lib/libc.a(syscall.o)
 .text.syscall_setsid
                0x0000000200002950        0x8 /home/charleshong/k230_sdk/toolchain/riscv64-linux-musleabi_for_x86_64-pc-linux-gnu/bin/../lib/gcc/riscv64-unknown-linux-musl/12.0.1/../../../../riscv64-unknown-linux-musl/lib/libc.a(syscall.o)
 .text.syscall_getpid
                0x0000000200002958        0x6 /home/charleshong/k230_sdk/toolchain/riscv64-linux-musleabi_for_x86_64-pc-linux-gnu/bin/../lib/gcc/riscv64-unknown-linux-musl/12.0.1/../../../../riscv64-unknown-linux-musl/lib/libc.a(syscall.o)
 .text.syscall_fork
                0x000000020000295e        0x8 /home/charleshong/k230_sdk/toolchain/riscv64-linux-musleabi_for_x86_64-pc-linux-gnu/bin/../lib/gcc/riscv64-unknown-linux-musl/12.0.1/../../../../riscv64-unknown-linux-musl/lib/libc.a(syscall.o)
 .text.syscall_ioctl
                0x0000000200002966       0x16 /home/charleshong/k230_sdk/toolchain/riscv64-linux-musleabi_for_x86_64-pc-linux-gnu/bin/../lib/gcc/riscv64-unknown-linux-musl/12.0.1/../../../../riscv64-unknown-linux-musl/lib/libc.a(syscall.o)
 .text.syscall_lseek
                0x000000020000297c       0x1e /home/charleshong/k230_sdk/toolchain/riscv64-linux-musleabi_for_x86_64-pc-linux-gnu/bin/../lib/gcc/riscv64-unknown-linux-musl/12.0.1/../../../../riscv64-unknown-linux-musl/lib/libc.a(syscall.o)
 .text.syscall_getdents64
                0x000000020000299a        0xe /home/charleshong/k230_sdk/toolchain/riscv64-linux-musleabi_for_x86_64-pc-linux-gnu/bin/../lib/gcc/riscv64-unknown-linux-musl/12.0.1/../../../../riscv64-unknown-linux-musl/lib/libc.a(syscall.o)
 .text.syscall_fcntl64
                0x00000002000029a8        0xc /home/charleshong/k230_sdk/toolchain/riscv64-linux-musleabi_for_x86_64-pc-linux-gnu/bin/../lib/gcc/riscv64-unknown-linux-musl/12.0.1/../../../../riscv64-unknown-linux-musl/lib/libc.a(syscall.o)
 .text.syscall_stat64
                0x00000002000029b4        0xc /home/charleshong/k230_sdk/toolchain/riscv64-linux-musleabi_for_x86_64-pc-linux-gnu/bin/../lib/gcc/riscv64-unknown-linux-musl/12.0.1/../../../../riscv64-unknown-linux-musl/lib/libc.a(syscall.o)
 .text.syscall_lstat64
                0x00000002000029c0        0xc /home/charleshong/k230_sdk/toolchain/riscv64-linux-musleabi_for_x86_64-pc-linux-gnu/bin/../lib/gcc/riscv64-unknown-linux-musl/12.0.1/../../../../riscv64-unknown-linux-musl/lib/libc.a(syscall.o)
 .text.syscall_lstat
                0x00000002000029cc        0xc /home/charleshong/k230_sdk/toolchain/riscv64-linux-musleabi_for_x86_64-pc-linux-gnu/bin/../lib/gcc/riscv64-unknown-linux-musl/12.0.1/../../../../riscv64-unknown-linux-musl/lib/libc.a(syscall.o)
 .text.syscall_setreuid
                0x00000002000029d8       0x30 /home/charleshong/k230_sdk/toolchain/riscv64-linux-musleabi_for_x86_64-pc-linux-gnu/bin/../lib/gcc/riscv64-unknown-linux-musl/12.0.1/../../../../riscv64-unknown-linux-musl/lib/libc.a(syscall.o)
 .text.syscall_setregid
                0x0000000200002a08       0x30 /home/charleshong/k230_sdk/toolchain/riscv64-linux-musleabi_for_x86_64-pc-linux-gnu/bin/../lib/gcc/riscv64-unknown-linux-musl/12.0.1/../../../../riscv64-unknown-linux-musl/lib/libc.a(syscall.o)
 .text.syscall_sigsuspend
                0x0000000200002a38       0x30 /home/charleshong/k230_sdk/toolchain/riscv64-linux-musleabi_for_x86_64-pc-linux-gnu/bin/../lib/gcc/riscv64-unknown-linux-musl/12.0.1/../../../../riscv64-unknown-linux-musl/lib/libc.a(syscall.o)
 .text.syscall_sigpending
                0x0000000200002a68       0x30 /home/charleshong/k230_sdk/toolchain/riscv64-linux-musleabi_for_x86_64-pc-linux-gnu/bin/../lib/gcc/riscv64-unknown-linux-musl/12.0.1/../../../../riscv64-unknown-linux-musl/lib/libc.a(syscall.o)
 .text.syscall_sethostname
                0x0000000200002a98       0x30 /home/charleshong/k230_sdk/toolchain/riscv64-linux-musleabi_for_x86_64-pc-linux-gnu/bin/../lib/gcc/riscv64-unknown-linux-musl/12.0.1/../../../../riscv64-unknown-linux-musl/lib/libc.a(syscall.o)
 .text.syscall_getrusage
                0x0000000200002ac8       0x30 /home/charleshong/k230_sdk/toolchain/riscv64-linux-musleabi_for_x86_64-pc-linux-gnu/bin/../lib/gcc/riscv64-unknown-linux-musl/12.0.1/../../../../riscv64-unknown-linux-musl/lib/libc.a(syscall.o)
 .text.syscall_gettimeofday
                0x0000000200002af8       0x30 /home/charleshong/k230_sdk/toolchain/riscv64-linux-musleabi_for_x86_64-pc-linux-gnu/bin/../lib/gcc/riscv64-unknown-linux-musl/12.0.1/../../../../riscv64-unknown-linux-musl/lib/libc.a(syscall.o)
 .text.syscall_settimeofday
                0x0000000200002b28       0x30 /home/charleshong/k230_sdk/toolchain/riscv64-linux-musleabi_for_x86_64-pc-linux-gnu/bin/../lib/gcc/riscv64-unknown-linux-musl/12.0.1/../../../../riscv64-unknown-linux-musl/lib/libc.a(syscall.o)
 .text.syscall_lchown
                0x0000000200002b58       0x30 /home/charleshong/k230_sdk/toolchain/riscv64-linux-musleabi_for_x86_64-pc-linux-gnu/bin/../lib/gcc/riscv64-unknown-linux-musl/12.0.1/../../../../riscv64-unknown-linux-musl/lib/libc.a(syscall.o)
 .text.syscall_getitimer
                0x0000000200002b88       0x30 /home/charleshong/k230_sdk/toolchain/riscv64-linux-musleabi_for_x86_64-pc-linux-gnu/bin/../lib/gcc/riscv64-unknown-linux-musl/12.0.1/../../../../riscv64-unknown-linux-musl/lib/libc.a(syscall.o)
 .text.syscall_fstat
                0x0000000200002bb8       0x30 /home/charleshong/k230_sdk/toolchain/riscv64-linux-musleabi_for_x86_64-pc-linux-gnu/bin/../lib/gcc/riscv64-unknown-linux-musl/12.0.1/../../../../riscv64-unknown-linux-musl/lib/libc.a(syscall.o)
 .text.syscall_vhangup
                0x0000000200002be8       0x30 /home/charleshong/k230_sdk/toolchain/riscv64-linux-musleabi_for_x86_64-pc-linux-gnu/bin/../lib/gcc/riscv64-unknown-linux-musl/12.0.1/../../../../riscv64-unknown-linux-musl/lib/libc.a(syscall.o)
 .text.syscall_wait4
                0x0000000200002c18       0x30 /home/charleshong/k230_sdk/toolchain/riscv64-linux-musleabi_for_x86_64-pc-linux-gnu/bin/../lib/gcc/riscv64-unknown-linux-musl/12.0.1/../../../../riscv64-unknown-linux-musl/lib/libc.a(syscall.o)
 .text.syscall_swapoff
                0x0000000200002c48       0x30 /home/charleshong/k230_sdk/toolchain/riscv64-linux-musleabi_for_x86_64-pc-linux-gnu/bin/../lib/gcc/riscv64-unknown-linux-musl/12.0.1/../../../../riscv64-unknown-linux-musl/lib/libc.a(syscall.o)
 .text.syscall_sysinfo
                0x0000000200002c78       0x30 /home/charleshong/k230_sdk/toolchain/riscv64-linux-musleabi_for_x86_64-pc-linux-gnu/bin/../lib/gcc/riscv64-unknown-linux-musl/12.0.1/../../../../riscv64-unknown-linux-musl/lib/libc.a(syscall.o)
 .text.syscall_sigreturn
                0x0000000200002ca8       0x30 /home/charleshong/k230_sdk/toolchain/riscv64-linux-musleabi_for_x86_64-pc-linux-gnu/bin/../lib/gcc/riscv64-unknown-linux-musl/12.0.1/../../../../riscv64-unknown-linux-musl/lib/libc.a(syscall.o)
 .text.syscall_clone
                0x0000000200002cd8       0x30 /home/charleshong/k230_sdk/toolchain/riscv64-linux-musleabi_for_x86_64-pc-linux-gnu/bin/../lib/gcc/riscv64-unknown-linux-musl/12.0.1/../../../../riscv64-unknown-linux-musl/lib/libc.a(syscall.o)
 .text.syscall_setdomainname
                0x0000000200002d08       0x30 /home/charleshong/k230_sdk/toolchain/riscv64-linux-musleabi_for_x86_64-pc-linux-gnu/bin/../lib/gcc/riscv64-unknown-linux-musl/12.0.1/../../../../riscv64-unknown-linux-musl/lib/libc.a(syscall.o)
 .text.syscall_uname
                0x0000000200002d38       0x30 /home/charleshong/k230_sdk/toolchain/riscv64-linux-musleabi_for_x86_64-pc-linux-gnu/bin/../lib/gcc/riscv64-unknown-linux-musl/12.0.1/../../../../riscv64-unknown-linux-musl/lib/libc.a(syscall.o)
 .text.syscall_adjtimex
                0x0000000200002d68       0x30 /home/charleshong/k230_sdk/toolchain/riscv64-linux-musleabi_for_x86_64-pc-linux-gnu/bin/../lib/gcc/riscv64-unknown-linux-musl/12.0.1/../../../../riscv64-unknown-linux-musl/lib/libc.a(syscall.o)
 .text.syscall_mprotect
                0x0000000200002d98       0x30 /home/charleshong/k230_sdk/toolchain/riscv64-linux-musleabi_for_x86_64-pc-linux-gnu/bin/../lib/gcc/riscv64-unknown-linux-musl/12.0.1/../../../../riscv64-unknown-linux-musl/lib/libc.a(syscall.o)
 .text.syscall_init_module
                0x0000000200002dc8       0x30 /home/charleshong/k230_sdk/toolchain/riscv64-linux-musleabi_for_x86_64-pc-linux-gnu/bin/../lib/gcc/riscv64-unknown-linux-musl/12.0.1/../../../../riscv64-unknown-linux-musl/lib/libc.a(syscall.o)
 .text.syscall_delete_module
                0x0000000200002df8       0x30 /home/charleshong/k230_sdk/toolchain/riscv64-linux-musleabi_for_x86_64-pc-linux-gnu/bin/../lib/gcc/riscv64-unknown-linux-musl/12.0.1/../../../../riscv64-unknown-linux-musl/lib/libc.a(syscall.o)
 .text.syscall_quotactl
                0x0000000200002e28       0x30 /home/charleshong/k230_sdk/toolchain/riscv64-linux-musleabi_for_x86_64-pc-linux-gnu/bin/../lib/gcc/riscv64-unknown-linux-musl/12.0.1/../../../../riscv64-unknown-linux-musl/lib/libc.a(syscall.o)
 .text.syscall_getgroups
                0x0000000200002e58       0x30 /home/charleshong/k230_sdk/toolchain/riscv64-linux-musleabi_for_x86_64-pc-linux-gnu/bin/../lib/gcc/riscv64-unknown-linux-musl/12.0.1/../../../../riscv64-unknown-linux-musl/lib/libc.a(syscall.o)
 .text.syscall_setgroups
                0x0000000200002e88       0x30 /home/charleshong/k230_sdk/toolchain/riscv64-linux-musleabi_for_x86_64-pc-linux-gnu/bin/../lib/gcc/riscv64-unknown-linux-musl/12.0.1/../../../../riscv64-unknown-linux-musl/lib/libc.a(syscall.o)
 .text.syscall_symlink
                0x0000000200002eb8       0x30 /home/charleshong/k230_sdk/toolchain/riscv64-linux-musleabi_for_x86_64-pc-linux-gnu/bin/../lib/gcc/riscv64-unknown-linux-musl/12.0.1/../../../../riscv64-unknown-linux-musl/lib/libc.a(syscall.o)
 .text.syscall_uselib
                0x0000000200002ee8       0x30 /home/charleshong/k230_sdk/toolchain/riscv64-linux-musleabi_for_x86_64-pc-linux-gnu/bin/../lib/gcc/riscv64-unknown-linux-musl/12.0.1/../../../../riscv64-unknown-linux-musl/lib/libc.a(syscall.o)
 .text.syscall_swapon
                0x0000000200002f18       0x30 /home/charleshong/k230_sdk/toolchain/riscv64-linux-musleabi_for_x86_64-pc-linux-gnu/bin/../lib/gcc/riscv64-unknown-linux-musl/12.0.1/../../../../riscv64-unknown-linux-musl/lib/libc.a(syscall.o)
 .text.syscall_reboot
                0x0000000200002f48       0x30 /home/charleshong/k230_sdk/toolchain/riscv64-linux-musleabi_for_x86_64-pc-linux-gnu/bin/../lib/gcc/riscv64-unknown-linux-musl/12.0.1/../../../../riscv64-unknown-linux-musl/lib/libc.a(syscall.o)
 .text.syscall_truncate
                0x0000000200002f78       0x30 /home/charleshong/k230_sdk/toolchain/riscv64-linux-musleabi_for_x86_64-pc-linux-gnu/bin/../lib/gcc/riscv64-unknown-linux-musl/12.0.1/../../../../riscv64-unknown-linux-musl/lib/libc.a(syscall.o)
 .text.syscall_ftruncate
                0x0000000200002fa8       0x30 /home/charleshong/k230_sdk/toolchain/riscv64-linux-musleabi_for_x86_64-pc-linux-gnu/bin/../lib/gcc/riscv64-unknown-linux-musl/12.0.1/../../../../riscv64-unknown-linux-musl/lib/libc.a(syscall.o)
 .text.syscall_fchmod
                0x0000000200002fd8       0x30 /home/charleshong/k230_sdk/toolchain/riscv64-linux-musleabi_for_x86_64-pc-linux-gnu/bin/../lib/gcc/riscv64-unknown-linux-musl/12.0.1/../../../../riscv64-unknown-linux-musl/lib/libc.a(syscall.o)
 .text.syscall_fchown
                0x0000000200003008       0x30 /home/charleshong/k230_sdk/toolchain/riscv64-linux-musleabi_for_x86_64-pc-linux-gnu/bin/../lib/gcc/riscv64-unknown-linux-musl/12.0.1/../../../../riscv64-unknown-linux-musl/lib/libc.a(syscall.o)
 .text.syscall_getpriority
                0x0000000200003038       0x30 /home/charleshong/k230_sdk/toolchain/riscv64-linux-musleabi_for_x86_64-pc-linux-gnu/bin/../lib/gcc/riscv64-unknown-linux-musl/12.0.1/../../../../riscv64-unknown-linux-musl/lib/libc.a(syscall.o)
 .text.syscall_setpriority
                0x0000000200003068       0x30 /home/charleshong/k230_sdk/toolchain/riscv64-linux-musleabi_for_x86_64-pc-linux-gnu/bin/../lib/gcc/riscv64-unknown-linux-musl/12.0.1/../../../../riscv64-unknown-linux-musl/lib/libc.a(syscall.o)
 .text.syscall_statfs
                0x0000000200003098       0x30 /home/charleshong/k230_sdk/toolchain/riscv64-linux-musleabi_for_x86_64-pc-linux-gnu/bin/../lib/gcc/riscv64-unknown-linux-musl/12.0.1/../../../../riscv64-unknown-linux-musl/lib/libc.a(syscall.o)
 .text.syscall_fstatfs
                0x00000002000030c8       0x30 /home/charleshong/k230_sdk/toolchain/riscv64-linux-musleabi_for_x86_64-pc-linux-gnu/bin/../lib/gcc/riscv64-unknown-linux-musl/12.0.1/../../../../riscv64-unknown-linux-musl/lib/libc.a(syscall.o)
 .text.syscall_syslog
                0x00000002000030f8       0x30 /home/charleshong/k230_sdk/toolchain/riscv64-linux-musleabi_for_x86_64-pc-linux-gnu/bin/../lib/gcc/riscv64-unknown-linux-musl/12.0.1/../../../../riscv64-unknown-linux-musl/lib/libc.a(syscall.o)
 .text.syscall_setitimer
                0x0000000200003128       0x30 /home/charleshong/k230_sdk/toolchain/riscv64-linux-musleabi_for_x86_64-pc-linux-gnu/bin/../lib/gcc/riscv64-unknown-linux-musl/12.0.1/../../../../riscv64-unknown-linux-musl/lib/libc.a(syscall.o)
 .text.syscall_getpgid
                0x0000000200003158       0x30 /home/charleshong/k230_sdk/toolchain/riscv64-linux-musleabi_for_x86_64-pc-linux-gnu/bin/../lib/gcc/riscv64-unknown-linux-musl/12.0.1/../../../../riscv64-unknown-linux-musl/lib/libc.a(syscall.o)
 .text.syscall_fchdir
                0x0000000200003188       0x30 /home/charleshong/k230_sdk/toolchain/riscv64-linux-musleabi_for_x86_64-pc-linux-gnu/bin/../lib/gcc/riscv64-unknown-linux-musl/12.0.1/../../../../riscv64-unknown-linux-musl/lib/libc.a(syscall.o)
 .text.syscall_bdflush
                0x00000002000031b8       0x30 /home/charleshong/k230_sdk/toolchain/riscv64-linux-musleabi_for_x86_64-pc-linux-gnu/bin/../lib/gcc/riscv64-unknown-linux-musl/12.0.1/../../../../riscv64-unknown-linux-musl/lib/libc.a(syscall.o)
 .text.syscall_sysfs
                0x00000002000031e8       0x30 /home/charleshong/k230_sdk/toolchain/riscv64-linux-musleabi_for_x86_64-pc-linux-gnu/bin/../lib/gcc/riscv64-unknown-linux-musl/12.0.1/../../../../riscv64-unknown-linux-musl/lib/libc.a(syscall.o)
 .text.syscall_personality
                0x0000000200003218       0x30 /home/charleshong/k230_sdk/toolchain/riscv64-linux-musleabi_for_x86_64-pc-linux-gnu/bin/../lib/gcc/riscv64-unknown-linux-musl/12.0.1/../../../../riscv64-unknown-linux-musl/lib/libc.a(syscall.o)
 .text.syscall_setfsuid
                0x0000000200003248       0x30 /home/charleshong/k230_sdk/toolchain/riscv64-linux-musleabi_for_x86_64-pc-linux-gnu/bin/../lib/gcc/riscv64-unknown-linux-musl/12.0.1/../../../../riscv64-unknown-linux-musl/lib/libc.a(syscall.o)
 .text.syscall_setfsgid
                0x0000000200003278       0x30 /home/charleshong/k230_sdk/toolchain/riscv64-linux-musleabi_for_x86_64-pc-linux-gnu/bin/../lib/gcc/riscv64-unknown-linux-musl/12.0.1/../../../../riscv64-unknown-linux-musl/lib/libc.a(syscall.o)
 .text.syscall_flock
                0x00000002000032a8       0x30 /home/charleshong/k230_sdk/toolchain/riscv64-linux-musleabi_for_x86_64-pc-linux-gnu/bin/../lib/gcc/riscv64-unknown-linux-musl/12.0.1/../../../../riscv64-unknown-linux-musl/lib/libc.a(syscall.o)
 .text.syscall_msync
                0x00000002000032d8       0x30 /home/charleshong/k230_sdk/toolchain/riscv64-linux-musleabi_for_x86_64-pc-linux-gnu/bin/../lib/gcc/riscv64-unknown-linux-musl/12.0.1/../../../../riscv64-unknown-linux-musl/lib/libc.a(syscall.o)
 .text.syscall_getsid
                0x0000000200003308       0x30 /home/charleshong/k230_sdk/toolchain/riscv64-linux-musleabi_for_x86_64-pc-linux-gnu/bin/../lib/gcc/riscv64-unknown-linux-musl/12.0.1/../../../../riscv64-unknown-linux-musl/lib/libc.a(syscall.o)
 .text.syscall_fdatasync
                0x0000000200003338       0x30 /home/charleshong/k230_sdk/toolchain/riscv64-linux-musleabi_for_x86_64-pc-linux-gnu/bin/../lib/gcc/riscv64-unknown-linux-musl/12.0.1/../../../../riscv64-unknown-linux-musl/lib/libc.a(syscall.o)
 .text.syscall__sysctl
                0x0000000200003368       0x30 /home/charleshong/k230_sdk/toolchain/riscv64-linux-musleabi_for_x86_64-pc-linux-gnu/bin/../lib/gcc/riscv64-unknown-linux-musl/12.0.1/../../../../riscv64-unknown-linux-musl/lib/libc.a(syscall.o)
 .text.syscall_mlock
                0x0000000200003398       0x30 /home/charleshong/k230_sdk/toolchain/riscv64-linux-musleabi_for_x86_64-pc-linux-gnu/bin/../lib/gcc/riscv64-unknown-linux-musl/12.0.1/../../../../riscv64-unknown-linux-musl/lib/libc.a(syscall.o)
 .text.syscall_munlock
                0x00000002000033c8       0x30 /home/charleshong/k230_sdk/toolchain/riscv64-linux-musleabi_for_x86_64-pc-linux-gnu/bin/../lib/gcc/riscv64-unknown-linux-musl/12.0.1/../../../../riscv64-unknown-linux-musl/lib/libc.a(syscall.o)
 .text.syscall_mlockall
                0x00000002000033f8       0x30 /home/charleshong/k230_sdk/toolchain/riscv64-linux-musleabi_for_x86_64-pc-linux-gnu/bin/../lib/gcc/riscv64-unknown-linux-musl/12.0.1/../../../../riscv64-unknown-linux-musl/lib/libc.a(syscall.o)
 .text.syscall_munlockall
                0x0000000200003428       0x30 /home/charleshong/k230_sdk/toolchain/riscv64-linux-musleabi_for_x86_64-pc-linux-gnu/bin/../lib/gcc/riscv64-unknown-linux-musl/12.0.1/../../../../riscv64-unknown-linux-musl/lib/libc.a(syscall.o)
 .text.syscall_sched_yield
                0x0000000200003458       0x30 /home/charleshong/k230_sdk/toolchain/riscv64-linux-musleabi_for_x86_64-pc-linux-gnu/bin/../lib/gcc/riscv64-unknown-linux-musl/12.0.1/../../../../riscv64-unknown-linux-musl/lib/libc.a(syscall.o)
 .text.syscall_sched_rr_get_interval
                0x0000000200003488       0x30 /home/charleshong/k230_sdk/toolchain/riscv64-linux-musleabi_for_x86_64-pc-linux-gnu/bin/../lib/gcc/riscv64-unknown-linux-musl/12.0.1/../../../../riscv64-unknown-linux-musl/lib/libc.a(syscall.o)
 .text.syscall_setresuid
                0x00000002000034b8       0x30 /home/charleshong/k230_sdk/toolchain/riscv64-linux-musleabi_for_x86_64-pc-linux-gnu/bin/../lib/gcc/riscv64-unknown-linux-musl/12.0.1/../../../../riscv64-unknown-linux-musl/lib/libc.a(syscall.o)
 .text.syscall_getresuid
                0x00000002000034e8       0x30 /home/charleshong/k230_sdk/toolchain/riscv64-linux-musleabi_for_x86_64-pc-linux-gnu/bin/../lib/gcc/riscv64-unknown-linux-musl/12.0.1/../../../../riscv64-unknown-linux-musl/lib/libc.a(syscall.o)
 .text.syscall_nfsservctl
                0x0000000200003518       0x30 /home/charleshong/k230_sdk/toolchain/riscv64-linux-musleabi_for_x86_64-pc-linux-gnu/bin/../lib/gcc/riscv64-unknown-linux-musl/12.0.1/../../../../riscv64-unknown-linux-musl/lib/libc.a(syscall.o)
 .text.syscall_setresgid
                0x0000000200003548       0x30 /home/charleshong/k230_sdk/toolchain/riscv64-linux-musleabi_for_x86_64-pc-linux-gnu/bin/../lib/gcc/riscv64-unknown-linux-musl/12.0.1/../../../../riscv64-unknown-linux-musl/lib/libc.a(syscall.o)
 .text.syscall_getresgid
                0x0000000200003578       0x30 /home/charleshong/k230_sdk/toolchain/riscv64-linux-musleabi_for_x86_64-pc-linux-gnu/bin/../lib/gcc/riscv64-unknown-linux-musl/12.0.1/../../../../riscv64-unknown-linux-musl/lib/libc.a(syscall.o)
 .text.syscall_prctl
                0x00000002000035a8       0x30 /home/charleshong/k230_sdk/toolchain/riscv64-linux-musleabi_for_x86_64-pc-linux-gnu/bin/../lib/gcc/riscv64-unknown-linux-musl/12.0.1/../../../../riscv64-unknown-linux-musl/lib/libc.a(syscall.o)
 .text.syscall_rt_sigreturn
                0x00000002000035d8       0x30 /home/charleshong/k230_sdk/toolchain/riscv64-linux-musleabi_for_x86_64-pc-linux-gnu/bin/../lib/gcc/riscv64-unknown-linux-musl/12.0.1/../../../../riscv64-unknown-linux-musl/lib/libc.a(syscall.o)
 .text.syscall_rt_sigpending
                0x0000000200003608       0x30 /home/charleshong/k230_sdk/toolchain/riscv64-linux-musleabi_for_x86_64-pc-linux-gnu/bin/../lib/gcc/riscv64-unknown-linux-musl/12.0.1/../../../../riscv64-unknown-linux-musl/lib/libc.a(syscall.o)
 .text.syscall_rt_sigtimedwait
                0x0000000200003638       0x30 /home/charleshong/k230_sdk/toolchain/riscv64-linux-musleabi_for_x86_64-pc-linux-gnu/bin/../lib/gcc/riscv64-unknown-linux-musl/12.0.1/../../../../riscv64-unknown-linux-musl/lib/libc.a(syscall.o)
 .text.syscall_rt_sigqueueinfo
                0x0000000200003668       0x30 /home/charleshong/k230_sdk/toolchain/riscv64-linux-musleabi_for_x86_64-pc-linux-gnu/bin/../lib/gcc/riscv64-unknown-linux-musl/12.0.1/../../../../riscv64-unknown-linux-musl/lib/libc.a(syscall.o)
 .text.syscall_rt_sigsuspend
                0x0000000200003698       0x30 /home/charleshong/k230_sdk/toolchain/riscv64-linux-musleabi_for_x86_64-pc-linux-gnu/bin/../lib/gcc/riscv64-unknown-linux-musl/12.0.1/../../../../riscv64-unknown-linux-musl/lib/libc.a(syscall.o)
 .text.syscall_pread64
                0x00000002000036c8       0x30 /home/charleshong/k230_sdk/toolchain/riscv64-linux-musleabi_for_x86_64-pc-linux-gnu/bin/../lib/gcc/riscv64-unknown-linux-musl/12.0.1/../../../../riscv64-unknown-linux-musl/lib/libc.a(syscall.o)
 .text.syscall_pwrite64
                0x00000002000036f8       0x30 /home/charleshong/k230_sdk/toolchain/riscv64-linux-musleabi_for_x86_64-pc-linux-gnu/bin/../lib/gcc/riscv64-unknown-linux-musl/12.0.1/../../../../riscv64-unknown-linux-musl/lib/libc.a(syscall.o)
 .text.syscall_chown
                0x0000000200003728       0x30 /home/charleshong/k230_sdk/toolchain/riscv64-linux-musleabi_for_x86_64-pc-linux-gnu/bin/../lib/gcc/riscv64-unknown-linux-musl/12.0.1/../../../../riscv64-unknown-linux-musl/lib/libc.a(syscall.o)
 .text.syscall_mount
                0x0000000200003758       0x30 /home/charleshong/k230_sdk/toolchain/riscv64-linux-musleabi_for_x86_64-pc-linux-gnu/bin/../lib/gcc/riscv64-unknown-linux-musl/12.0.1/../../../../riscv64-unknown-linux-musl/lib/libc.a(syscall.o)
 .text.syscall_setuid
                0x0000000200003788       0x30 /home/charleshong/k230_sdk/toolchain/riscv64-linux-musleabi_for_x86_64-pc-linux-gnu/bin/../lib/gcc/riscv64-unknown-linux-musl/12.0.1/../../../../riscv64-unknown-linux-musl/lib/libc.a(syscall.o)
 .text.syscall_truncate64
                0x00000002000037b8       0x30 /home/charleshong/k230_sdk/toolchain/riscv64-linux-musleabi_for_x86_64-pc-linux-gnu/bin/../lib/gcc/riscv64-unknown-linux-musl/12.0.1/../../../../riscv64-unknown-linux-musl/lib/libc.a(syscall.o)
 .text.syscall_ftruncate64
                0x00000002000037e8       0x30 /home/charleshong/k230_sdk/toolchain/riscv64-linux-musleabi_for_x86_64-pc-linux-gnu/bin/../lib/gcc/riscv64-unknown-linux-musl/12.0.1/../../../../riscv64-unknown-linux-musl/lib/libc.a(syscall.o)
 .text.syscall_capget
                0x0000000200003818       0x30 /home/charleshong/k230_sdk/toolchain/riscv64-linux-musleabi_for_x86_64-pc-linux-gnu/bin/../lib/gcc/riscv64-unknown-linux-musl/12.0.1/../../../../riscv64-unknown-linux-musl/lib/libc.a(syscall.o)
 .text.syscall_capset
                0x0000000200003848       0x30 /home/charleshong/k230_sdk/toolchain/riscv64-linux-musleabi_for_x86_64-pc-linux-gnu/bin/../lib/gcc/riscv64-unknown-linux-musl/12.0.1/../../../../riscv64-unknown-linux-musl/lib/libc.a(syscall.o)
 .text.syscall_sigaltstack
                0x0000000200003878       0x30 /home/charleshong/k230_sdk/toolchain/riscv64-linux-musleabi_for_x86_64-pc-linux-gnu/bin/../lib/gcc/riscv64-unknown-linux-musl/12.0.1/../../../../riscv64-unknown-linux-musl/lib/libc.a(syscall.o)
 .text.syscall_sendfile
                0x00000002000038a8       0x30 /home/charleshong/k230_sdk/toolchain/riscv64-linux-musleabi_for_x86_64-pc-linux-gnu/bin/../lib/gcc/riscv64-unknown-linux-musl/12.0.1/../../../../riscv64-unknown-linux-musl/lib/libc.a(syscall.o)
 .text.syscall_lchown32
                0x00000002000038d8       0x30 /home/charleshong/k230_sdk/toolchain/riscv64-linux-musleabi_for_x86_64-pc-linux-gnu/bin/../lib/gcc/riscv64-unknown-linux-musl/12.0.1/../../../../riscv64-unknown-linux-musl/lib/libc.a(syscall.o)
 .text.syscall_getuid32
                0x0000000200003908       0x30 /home/charleshong/k230_sdk/toolchain/riscv64-linux-musleabi_for_x86_64-pc-linux-gnu/bin/../lib/gcc/riscv64-unknown-linux-musl/12.0.1/../../../../riscv64-unknown-linux-musl/lib/libc.a(syscall.o)
 .text.syscall_getgid32
                0x0000000200003938       0x30 /home/charleshong/k230_sdk/toolchain/riscv64-linux-musleabi_for_x86_64-pc-linux-gnu/bin/../lib/gcc/riscv64-unknown-linux-musl/12.0.1/../../../../riscv64-unknown-linux-musl/lib/libc.a(syscall.o)
 .text.syscall_geteuid32
                0x0000000200003968       0x30 /home/charleshong/k230_sdk/toolchain/riscv64-linux-musleabi_for_x86_64-pc-linux-gnu/bin/../lib/gcc/riscv64-unknown-linux-musl/12.0.1/../../../../riscv64-unknown-linux-musl/lib/libc.a(syscall.o)
 .text.syscall_getegid32
                0x0000000200003998       0x30 /home/charleshong/k230_sdk/toolchain/riscv64-linux-musleabi_for_x86_64-pc-linux-gnu/bin/../lib/gcc/riscv64-unknown-linux-musl/12.0.1/../../../../riscv64-unknown-linux-musl/lib/libc.a(syscall.o)
 .text.syscall_setreuid32
                0x00000002000039c8       0x30 /home/charleshong/k230_sdk/toolchain/riscv64-linux-musleabi_for_x86_64-pc-linux-gnu/bin/../lib/gcc/riscv64-unknown-linux-musl/12.0.1/../../../../riscv64-unknown-linux-musl/lib/libc.a(syscall.o)
 .text.syscall_setregid32
                0x00000002000039f8       0x30 /home/charleshong/k230_sdk/toolchain/riscv64-linux-musleabi_for_x86_64-pc-linux-gnu/bin/../lib/gcc/riscv64-unknown-linux-musl/12.0.1/../../../../riscv64-unknown-linux-musl/lib/libc.a(syscall.o)
 .text.syscall_getgroups32
                0x0000000200003a28       0x30 /home/charleshong/k230_sdk/toolchain/riscv64-linux-musleabi_for_x86_64-pc-linux-gnu/bin/../lib/gcc/riscv64-unknown-linux-musl/12.0.1/../../../../riscv64-unknown-linux-musl/lib/libc.a(syscall.o)
 .text.syscall_setfsgid32
                0x0000000200003a58       0x30 /home/charleshong/k230_sdk/toolchain/riscv64-linux-musleabi_for_x86_64-pc-linux-gnu/bin/../lib/gcc/riscv64-unknown-linux-musl/12.0.1/../../../../riscv64-unknown-linux-musl/lib/libc.a(syscall.o)
 .text.syscall_readahead
                0x0000000200003a88       0x30 /home/charleshong/k230_sdk/toolchain/riscv64-linux-musleabi_for_x86_64-pc-linux-gnu/bin/../lib/gcc/riscv64-unknown-linux-musl/12.0.1/../../../../riscv64-unknown-linux-musl/lib/libc.a(syscall.o)
 .text.syscall_pivot_root
                0x0000000200003ab8       0x30 /home/charleshong/k230_sdk/toolchain/riscv64-linux-musleabi_for_x86_64-pc-linux-gnu/bin/../lib/gcc/riscv64-unknown-linux-musl/12.0.1/../../../../riscv64-unknown-linux-musl/lib/libc.a(syscall.o)
 .text.syscall_mincore
                0x0000000200003ae8       0x30 /home/charleshong/k230_sdk/toolchain/riscv64-linux-musleabi_for_x86_64-pc-linux-gnu/bin/../lib/gcc/riscv64-unknown-linux-musl/12.0.1/../../../../riscv64-unknown-linux-musl/lib/libc.a(syscall.o)
 .text.syscall_setpgid
                0x0000000200003b18       0x30 /home/charleshong/k230_sdk/toolchain/riscv64-linux-musleabi_for_x86_64-pc-linux-gnu/bin/../lib/gcc/riscv64-unknown-linux-musl/12.0.1/../../../../riscv64-unknown-linux-musl/lib/libc.a(syscall.o)
 .text.syscall_umask
                0x0000000200003b48       0x30 /home/charleshong/k230_sdk/toolchain/riscv64-linux-musleabi_for_x86_64-pc-linux-gnu/bin/../lib/gcc/riscv64-unknown-linux-musl/12.0.1/../../../../riscv64-unknown-linux-musl/lib/libc.a(syscall.o)
 .text.syscall_setgid32
                0x0000000200003b78       0x30 /home/charleshong/k230_sdk/toolchain/riscv64-linux-musleabi_for_x86_64-pc-linux-gnu/bin/../lib/gcc/riscv64-unknown-linux-musl/12.0.1/../../../../riscv64-unknown-linux-musl/lib/libc.a(syscall.o)
 .text.syscall_setfsuid32
                0x0000000200003ba8       0x30 /home/charleshong/k230_sdk/toolchain/riscv64-linux-musleabi_for_x86_64-pc-linux-gnu/bin/../lib/gcc/riscv64-unknown-linux-musl/12.0.1/../../../../riscv64-unknown-linux-musl/lib/libc.a(syscall.o)
 .text.syscall_setgroups32
                0x0000000200003bd8       0x30 /home/charleshong/k230_sdk/toolchain/riscv64-linux-musleabi_for_x86_64-pc-linux-gnu/bin/../lib/gcc/riscv64-unknown-linux-musl/12.0.1/../../../../riscv64-unknown-linux-musl/lib/libc.a(syscall.o)
 .text.syscall_fchown32
                0x0000000200003c08       0x30 /home/charleshong/k230_sdk/toolchain/riscv64-linux-musleabi_for_x86_64-pc-linux-gnu/bin/../lib/gcc/riscv64-unknown-linux-musl/12.0.1/../../../../riscv64-unknown-linux-musl/lib/libc.a(syscall.o)
 .text.syscall_setresuid32
                0x0000000200003c38       0x30 /home/charleshong/k230_sdk/toolchain/riscv64-linux-musleabi_for_x86_64-pc-linux-gnu/bin/../lib/gcc/riscv64-unknown-linux-musl/12.0.1/../../../../riscv64-unknown-linux-musl/lib/libc.a(syscall.o)
 .text.syscall_getresuid32
                0x0000000200003c68       0x30 /home/charleshong/k230_sdk/toolchain/riscv64-linux-musleabi_for_x86_64-pc-linux-gnu/bin/../lib/gcc/riscv64-unknown-linux-musl/12.0.1/../../../../riscv64-unknown-linux-musl/lib/libc.a(syscall.o)
 .text.syscall_setresgid32
                0x0000000200003c98       0x30 /home/charleshong/k230_sdk/toolchain/riscv64-linux-musleabi_for_x86_64-pc-linux-gnu/bin/../lib/gcc/riscv64-unknown-linux-musl/12.0.1/../../../../riscv64-unknown-linux-musl/lib/libc.a(syscall.o)
 .text.syscall_getresgid32
                0x0000000200003cc8       0x30 /home/charleshong/k230_sdk/toolchain/riscv64-linux-musleabi_for_x86_64-pc-linux-gnu/bin/../lib/gcc/riscv64-unknown-linux-musl/12.0.1/../../../../riscv64-unknown-linux-musl/lib/libc.a(syscall.o)
 .text.syscall_chown32
                0x0000000200003cf8       0x30 /home/charleshong/k230_sdk/toolchain/riscv64-linux-musleabi_for_x86_64-pc-linux-gnu/bin/../lib/gcc/riscv64-unknown-linux-musl/12.0.1/../../../../riscv64-unknown-linux-musl/lib/libc.a(syscall.o)
 .text.syscall_setuid32
                0x0000000200003d28       0x30 /home/charleshong/k230_sdk/toolchain/riscv64-linux-musleabi_for_x86_64-pc-linux-gnu/bin/../lib/gcc/riscv64-unknown-linux-musl/12.0.1/../../../../riscv64-unknown-linux-musl/lib/libc.a(syscall.o)
 .text.syscall_setxattr
                0x0000000200003d58       0x30 /home/charleshong/k230_sdk/toolchain/riscv64-linux-musleabi_for_x86_64-pc-linux-gnu/bin/../lib/gcc/riscv64-unknown-linux-musl/12.0.1/../../../../riscv64-unknown-linux-musl/lib/libc.a(syscall.o)
 .text.syscall_lsetxattr
                0x0000000200003d88       0x30 /home/charleshong/k230_sdk/toolchain/riscv64-linux-musleabi_for_x86_64-pc-linux-gnu/bin/../lib/gcc/riscv64-unknown-linux-musl/12.0.1/../../../../riscv64-unknown-linux-musl/lib/libc.a(syscall.o)
 .text.syscall_fsetxattr
                0x0000000200003db8       0x30 /home/charleshong/k230_sdk/toolchain/riscv64-linux-musleabi_for_x86_64-pc-linux-gnu/bin/../lib/gcc/riscv64-unknown-linux-musl/12.0.1/../../../../riscv64-unknown-linux-musl/lib/libc.a(syscall.o)
 .text.syscall_getxattr
                0x0000000200003de8       0x30 /home/charleshong/k230_sdk/toolchain/riscv64-linux-musleabi_for_x86_64-pc-linux-gnu/bin/../lib/gcc/riscv64-unknown-linux-musl/12.0.1/../../../../riscv64-unknown-linux-musl/lib/libc.a(syscall.o)
 .text.syscall_lgetxattr
                0x0000000200003e18       0x30 /home/charleshong/k230_sdk/toolchain/riscv64-linux-musleabi_for_x86_64-pc-linux-gnu/bin/../lib/gcc/riscv64-unknown-linux-musl/12.0.1/../../../../riscv64-unknown-linux-musl/lib/libc.a(syscall.o)
 .text.syscall_fgetxattr
                0x0000000200003e48       0x30 /home/charleshong/k230_sdk/toolchain/riscv64-linux-musleabi_for_x86_64-pc-linux-gnu/bin/../lib/gcc/riscv64-unknown-linux-musl/12.0.1/../../../../riscv64-unknown-linux-musl/lib/libc.a(syscall.o)
 .text.syscall_listxattr
                0x0000000200003e78       0x30 /home/charleshong/k230_sdk/toolchain/riscv64-linux-musleabi_for_x86_64-pc-linux-gnu/bin/../lib/gcc/riscv64-unknown-linux-musl/12.0.1/../../../../riscv64-unknown-linux-musl/lib/libc.a(syscall.o)
 .text.syscall_llistxattr
                0x0000000200003ea8       0x30 /home/charleshong/k230_sdk/toolchain/riscv64-linux-musleabi_for_x86_64-pc-linux-gnu/bin/../lib/gcc/riscv64-unknown-linux-musl/12.0.1/../../../../riscv64-unknown-linux-musl/lib/libc.a(syscall.o)
 .text.syscall_flistxattr
                0x0000000200003ed8       0x30 /home/charleshong/k230_sdk/toolchain/riscv64-linux-musleabi_for_x86_64-pc-linux-gnu/bin/../lib/gcc/riscv64-unknown-linux-musl/12.0.1/../../../../riscv64-unknown-linux-musl/lib/libc.a(syscall.o)
 .text.syscall_removexattr
                0x0000000200003f08       0x30 /home/charleshong/k230_sdk/toolchain/riscv64-linux-musleabi_for_x86_64-pc-linux-gnu/bin/../lib/gcc/riscv64-unknown-linux-musl/12.0.1/../../../../riscv64-unknown-linux-musl/lib/libc.a(syscall.o)
 .text.syscall_lremovexattr
                0x0000000200003f38       0x30 /home/charleshong/k230_sdk/toolchain/riscv64-linux-musleabi_for_x86_64-pc-linux-gnu/bin/../lib/gcc/riscv64-unknown-linux-musl/12.0.1/../../../../riscv64-unknown-linux-musl/lib/libc.a(syscall.o)
 .text.syscall_fremovexattr
                0x0000000200003f68       0x30 /home/charleshong/k230_sdk/toolchain/riscv64-linux-musleabi_for_x86_64-pc-linux-gnu/bin/../lib/gcc/riscv64-unknown-linux-musl/12.0.1/../../../../riscv64-unknown-linux-musl/lib/libc.a(syscall.o)
 .text.syscall_sendfile64
                0x0000000200003f98       0x30 /home/charleshong/k230_sdk/toolchain/riscv64-linux-musleabi_for_x86_64-pc-linux-gnu/bin/../lib/gcc/riscv64-unknown-linux-musl/12.0.1/../../../../riscv64-unknown-linux-musl/lib/libc.a(syscall.o)
 .text.syscall_sched_getaffinity
                0x0000000200003fc8       0x30 /home/charleshong/k230_sdk/toolchain/riscv64-linux-musleabi_for_x86_64-pc-linux-gnu/bin/../lib/gcc/riscv64-unknown-linux-musl/12.0.1/../../../../riscv64-unknown-linux-musl/lib/libc.a(syscall.o)
 .text.syscall_io_setup
                0x0000000200003ff8       0x30 /home/charleshong/k230_sdk/toolchain/riscv64-linux-musleabi_for_x86_64-pc-linux-gnu/bin/../lib/gcc/riscv64-unknown-linux-musl/12.0.1/../../../../riscv64-unknown-linux-musl/lib/libc.a(syscall.o)
 .text.syscall_io_destroy
                0x0000000200004028       0x30 /home/charleshong/k230_sdk/toolchain/riscv64-linux-musleabi_for_x86_64-pc-linux-gnu/bin/../lib/gcc/riscv64-unknown-linux-musl/12.0.1/../../../../riscv64-unknown-linux-musl/lib/libc.a(syscall.o)
 .text.syscall_io_getevents
                0x0000000200004058       0x30 /home/charleshong/k230_sdk/toolchain/riscv64-linux-musleabi_for_x86_64-pc-linux-gnu/bin/../lib/gcc/riscv64-unknown-linux-musl/12.0.1/../../../../riscv64-unknown-linux-musl/lib/libc.a(syscall.o)
 .text.syscall_io_submit
                0x0000000200004088       0x30 /home/charleshong/k230_sdk/toolchain/riscv64-linux-musleabi_for_x86_64-pc-linux-gnu/bin/../lib/gcc/riscv64-unknown-linux-musl/12.0.1/../../../../riscv64-unknown-linux-musl/lib/libc.a(syscall.o)
 .text.syscall_io_cancel
                0x00000002000040b8       0x30 /home/charleshong/k230_sdk/toolchain/riscv64-linux-musleabi_for_x86_64-pc-linux-gnu/bin/../lib/gcc/riscv64-unknown-linux-musl/12.0.1/../../../../riscv64-unknown-linux-musl/lib/libc.a(syscall.o)
 .text.syscall_lookup_dcookie
                0x00000002000040e8       0x30 /home/charleshong/k230_sdk/toolchain/riscv64-linux-musleabi_for_x86_64-pc-linux-gnu/bin/../lib/gcc/riscv64-unknown-linux-musl/12.0.1/../../../../riscv64-unknown-linux-musl/lib/libc.a(syscall.o)
 .text.syscall_epoll_create
                0x0000000200004118       0x32 /home/charleshong/k230_sdk/toolchain/riscv64-linux-musleabi_for_x86_64-pc-linux-gnu/bin/../lib/gcc/riscv64-unknown-linux-musl/12.0.1/../../../../riscv64-unknown-linux-musl/lib/libc.a(syscall.o)
 .text.syscall_epoll_ctl
                0x000000020000414a       0x32 /home/charleshong/k230_sdk/toolchain/riscv64-linux-musleabi_for_x86_64-pc-linux-gnu/bin/../lib/gcc/riscv64-unknown-linux-musl/12.0.1/../../../../riscv64-unknown-linux-musl/lib/libc.a(syscall.o)
 .text.syscall_epoll_wait
                0x000000020000417c       0x32 /home/charleshong/k230_sdk/toolchain/riscv64-linux-musleabi_for_x86_64-pc-linux-gnu/bin/../lib/gcc/riscv64-unknown-linux-musl/12.0.1/../../../../riscv64-unknown-linux-musl/lib/libc.a(syscall.o)
 .text.syscall_remap_file_pages
                0x00000002000041ae       0x30 /home/charleshong/k230_sdk/toolchain/riscv64-linux-musleabi_for_x86_64-pc-linux-gnu/bin/../lib/gcc/riscv64-unknown-linux-musl/12.0.1/../../../../riscv64-unknown-linux-musl/lib/libc.a(syscall.o)
 .text.syscall_statfs64
                0x00000002000041de       0x30 /home/charleshong/k230_sdk/toolchain/riscv64-linux-musleabi_for_x86_64-pc-linux-gnu/bin/../lib/gcc/riscv64-unknown-linux-musl/12.0.1/../../../../riscv64-unknown-linux-musl/lib/libc.a(syscall.o)
 .text.syscall_fstatfs64
                0x000000020000420e       0x30 /home/charleshong/k230_sdk/toolchain/riscv64-linux-musleabi_for_x86_64-pc-linux-gnu/bin/../lib/gcc/riscv64-unknown-linux-musl/12.0.1/../../../../riscv64-unknown-linux-musl/lib/libc.a(syscall.o)
 .text.syscall_tgkill
                0x000000020000423e       0x30 /home/charleshong/k230_sdk/toolchain/riscv64-linux-musleabi_for_x86_64-pc-linux-gnu/bin/../lib/gcc/riscv64-unknown-linux-musl/12.0.1/../../../../riscv64-unknown-linux-musl/lib/libc.a(syscall.o)
 .text.syscall_utimes
                0x000000020000426e       0x30 /home/charleshong/k230_sdk/toolchain/riscv64-linux-musleabi_for_x86_64-pc-linux-gnu/bin/../lib/gcc/riscv64-unknown-linux-musl/12.0.1/../../../../riscv64-unknown-linux-musl/lib/libc.a(syscall.o)
 .text.syscall_arm_fadvise64_64
                0x000000020000429e       0x30 /home/charleshong/k230_sdk/toolchain/riscv64-linux-musleabi_for_x86_64-pc-linux-gnu/bin/../lib/gcc/riscv64-unknown-linux-musl/12.0.1/../../../../riscv64-unknown-linux-musl/lib/libc.a(syscall.o)
 .text.syscall_pciconfig_iobase
                0x00000002000042ce       0x30 /home/charleshong/k230_sdk/toolchain/riscv64-linux-musleabi_for_x86_64-pc-linux-gnu/bin/../lib/gcc/riscv64-unknown-linux-musl/12.0.1/../../../../riscv64-unknown-linux-musl/lib/libc.a(syscall.o)
 .text.syscall_pciconfig_read
                0x00000002000042fe       0x30 /home/charleshong/k230_sdk/toolchain/riscv64-linux-musleabi_for_x86_64-pc-linux-gnu/bin/../lib/gcc/riscv64-unknown-linux-musl/12.0.1/../../../../riscv64-unknown-linux-musl/lib/libc.a(syscall.o)
 .text.syscall_pciconfig_write
                0x000000020000432e       0x30 /home/charleshong/k230_sdk/toolchain/riscv64-linux-musleabi_for_x86_64-pc-linux-gnu/bin/../lib/gcc/riscv64-unknown-linux-musl/12.0.1/../../../../riscv64-unknown-linux-musl/lib/libc.a(syscall.o)
 .text.syscall_chroot
                0x000000020000435e       0x30 /home/charleshong/k230_sdk/toolchain/riscv64-linux-musleabi_for_x86_64-pc-linux-gnu/bin/../lib/gcc/riscv64-unknown-linux-musl/12.0.1/../../../../riscv64-unknown-linux-musl/lib/libc.a(syscall.o)
 .text.syscall_ustat
                0x000000020000438e       0x30 /home/charleshong/k230_sdk/toolchain/riscv64-linux-musleabi_for_x86_64-pc-linux-gnu/bin/../lib/gcc/riscv64-unknown-linux-musl/12.0.1/../../../../riscv64-unknown-linux-musl/lib/libc.a(syscall.o)
 .text.syscall_getppid
                0x00000002000043be       0x30 /home/charleshong/k230_sdk/toolchain/riscv64-linux-musleabi_for_x86_64-pc-linux-gnu/bin/../lib/gcc/riscv64-unknown-linux-musl/12.0.1/../../../../riscv64-unknown-linux-musl/lib/libc.a(syscall.o)
 .text.syscall_getpgrp
                0x00000002000043ee       0x30 /home/charleshong/k230_sdk/toolchain/riscv64-linux-musleabi_for_x86_64-pc-linux-gnu/bin/../lib/gcc/riscv64-unknown-linux-musl/12.0.1/../../../../riscv64-unknown-linux-musl/lib/libc.a(syscall.o)
 .text.syscall_getuid
                0x000000020000441e       0x30 /home/charleshong/k230_sdk/toolchain/riscv64-linux-musleabi_for_x86_64-pc-linux-gnu/bin/../lib/gcc/riscv64-unknown-linux-musl/12.0.1/../../../../riscv64-unknown-linux-musl/lib/libc.a(syscall.o)
 .text.syscall_ptrace
                0x000000020000444e       0x30 /home/charleshong/k230_sdk/toolchain/riscv64-linux-musleabi_for_x86_64-pc-linux-gnu/bin/../lib/gcc/riscv64-unknown-linux-musl/12.0.1/../../../../riscv64-unknown-linux-musl/lib/libc.a(syscall.o)
 .text.syscall_pause
                0x000000020000447e       0x30 /home/charleshong/k230_sdk/toolchain/riscv64-linux-musleabi_for_x86_64-pc-linux-gnu/bin/../lib/gcc/riscv64-unknown-linux-musl/12.0.1/../../../../riscv64-unknown-linux-musl/lib/libc.a(syscall.o)
 .text.syscall_nice
                0x00000002000044ae       0x30 /home/charleshong/k230_sdk/toolchain/riscv64-linux-musleabi_for_x86_64-pc-linux-gnu/bin/../lib/gcc/riscv64-unknown-linux-musl/12.0.1/../../../../riscv64-unknown-linux-musl/lib/libc.a(syscall.o)
 .text.syscall_sync
                0x00000002000044de       0x30 /home/charleshong/k230_sdk/toolchain/riscv64-linux-musleabi_for_x86_64-pc-linux-gnu/bin/../lib/gcc/riscv64-unknown-linux-musl/12.0.1/../../../../riscv64-unknown-linux-musl/lib/libc.a(syscall.o)
 .text.syscall_times
                0x000000020000450e       0x30 /home/charleshong/k230_sdk/toolchain/riscv64-linux-musleabi_for_x86_64-pc-linux-gnu/bin/../lib/gcc/riscv64-unknown-linux-musl/12.0.1/../../../../riscv64-unknown-linux-musl/lib/libc.a(syscall.o)
 .text.syscall_setgid
                0x000000020000453e       0x30 /home/charleshong/k230_sdk/toolchain/riscv64-linux-musleabi_for_x86_64-pc-linux-gnu/bin/../lib/gcc/riscv64-unknown-linux-musl/12.0.1/../../../../riscv64-unknown-linux-musl/lib/libc.a(syscall.o)
 .text.syscall_getgid
                0x000000020000456e       0x30 /home/charleshong/k230_sdk/toolchain/riscv64-linux-musleabi_for_x86_64-pc-linux-gnu/bin/../lib/gcc/riscv64-unknown-linux-musl/12.0.1/../../../../riscv64-unknown-linux-musl/lib/libc.a(syscall.o)
 .text.syscall_geteuid
                0x000000020000459e       0x30 /home/charleshong/k230_sdk/toolchain/riscv64-linux-musleabi_for_x86_64-pc-linux-gnu/bin/../lib/gcc/riscv64-unknown-linux-musl/12.0.1/../../../../riscv64-unknown-linux-musl/lib/libc.a(syscall.o)
 .text.syscall_getegid
                0x00000002000045ce       0x30 /home/charleshong/k230_sdk/toolchain/riscv64-linux-musleabi_for_x86_64-pc-linux-gnu/bin/../lib/gcc/riscv64-unknown-linux-musl/12.0.1/../../../../riscv64-unknown-linux-musl/lib/libc.a(syscall.o)
 .text.syscall_acct
                0x00000002000045fe       0x30 /home/charleshong/k230_sdk/toolchain/riscv64-linux-musleabi_for_x86_64-pc-linux-gnu/bin/../lib/gcc/riscv64-unknown-linux-musl/12.0.1/../../../../riscv64-unknown-linux-musl/lib/libc.a(syscall.o)
 .text.syscall_umount2
                0x000000020000462e       0x30 /home/charleshong/k230_sdk/toolchain/riscv64-linux-musleabi_for_x86_64-pc-linux-gnu/bin/../lib/gcc/riscv64-unknown-linux-musl/12.0.1/../../../../riscv64-unknown-linux-musl/lib/libc.a(syscall.o)
 .text.syscall_membarrier
                0x000000020000465e       0x30 /home/charleshong/k230_sdk/toolchain/riscv64-linux-musleabi_for_x86_64-pc-linux-gnu/bin/../lib/gcc/riscv64-unknown-linux-musl/12.0.1/../../../../riscv64-unknown-linux-musl/lib/libc.a(syscall.o)
 .text.syscall_mlock2
                0x000000020000468e       0x30 /home/charleshong/k230_sdk/toolchain/riscv64-linux-musleabi_for_x86_64-pc-linux-gnu/bin/../lib/gcc/riscv64-unknown-linux-musl/12.0.1/../../../../riscv64-unknown-linux-musl/lib/libc.a(syscall.o)
 .text.syscall_copy_file_range
                0x00000002000046be       0x30 /home/charleshong/k230_sdk/toolchain/riscv64-linux-musleabi_for_x86_64-pc-linux-gnu/bin/../lib/gcc/riscv64-unknown-linux-musl/12.0.1/../../../../riscv64-unknown-linux-musl/lib/libc.a(syscall.o)
 .text.syscall_preadv2
                0x00000002000046ee       0x30 /home/charleshong/k230_sdk/toolchain/riscv64-linux-musleabi_for_x86_64-pc-linux-gnu/bin/../lib/gcc/riscv64-unknown-linux-musl/12.0.1/../../../../riscv64-unknown-linux-musl/lib/libc.a(syscall.o)
 .text.syscall_pwritev2
                0x000000020000471e       0x30 /home/charleshong/k230_sdk/toolchain/riscv64-linux-musleabi_for_x86_64-pc-linux-gnu/bin/../lib/gcc/riscv64-unknown-linux-musl/12.0.1/../../../../riscv64-unknown-linux-musl/lib/libc.a(syscall.o)
 .text.syscall_pkey_mprotect
                0x000000020000474e       0x30 /home/charleshong/k230_sdk/toolchain/riscv64-linux-musleabi_for_x86_64-pc-linux-gnu/bin/../lib/gcc/riscv64-unknown-linux-musl/12.0.1/../../../../riscv64-unknown-linux-musl/lib/libc.a(syscall.o)
 .text.syscall_pkey_alloc
                0x000000020000477e       0x30 /home/charleshong/k230_sdk/toolchain/riscv64-linux-musleabi_for_x86_64-pc-linux-gnu/bin/../lib/gcc/riscv64-unknown-linux-musl/12.0.1/../../../../riscv64-unknown-linux-musl/lib/libc.a(syscall.o)
 .text.syscall_pkey_free
                0x00000002000047ae       0x30 /home/charleshong/k230_sdk/toolchain/riscv64-linux-musleabi_for_x86_64-pc-linux-gnu/bin/../lib/gcc/riscv64-unknown-linux-musl/12.0.1/../../../../riscv64-unknown-linux-musl/lib/libc.a(syscall.o)
 .text.syscall_statx
                0x00000002000047de       0x30 /home/charleshong/k230_sdk/toolchain/riscv64-linux-musleabi_for_x86_64-pc-linux-gnu/bin/../lib/gcc/riscv64-unknown-linux-musl/12.0.1/../../../../riscv64-unknown-linux-musl/lib/libc.a(syscall.o)
 .text.syscall_rseq
                0x000000020000480e       0x30 /home/charleshong/k230_sdk/toolchain/riscv64-linux-musleabi_for_x86_64-pc-linux-gnu/bin/../lib/gcc/riscv64-unknown-linux-musl/12.0.1/../../../../riscv64-unknown-linux-musl/lib/libc.a(syscall.o)
 .text.syscall_io_pgetevents
                0x000000020000483e       0x30 /home/charleshong/k230_sdk/toolchain/riscv64-linux-musleabi_for_x86_64-pc-linux-gnu/bin/../lib/gcc/riscv64-unknown-linux-musl/12.0.1/../../../../riscv64-unknown-linux-musl/lib/libc.a(syscall.o)
 .text.syscall_restart_syscall
                0x000000020000486e       0x30 /home/charleshong/k230_sdk/toolchain/riscv64-linux-musleabi_for_x86_64-pc-linux-gnu/bin/../lib/gcc/riscv64-unknown-linux-musl/12.0.1/../../../../riscv64-unknown-linux-musl/lib/libc.a(syscall.o)
 .text.syscall_creat
                0x000000020000489e       0x30 /home/charleshong/k230_sdk/toolchain/riscv64-linux-musleabi_for_x86_64-pc-linux-gnu/bin/../lib/gcc/riscv64-unknown-linux-musl/12.0.1/../../../../riscv64-unknown-linux-musl/lib/libc.a(syscall.o)
 .text.syscall_link
                0x00000002000048ce       0x30 /home/charleshong/k230_sdk/toolchain/riscv64-linux-musleabi_for_x86_64-pc-linux-gnu/bin/../lib/gcc/riscv64-unknown-linux-musl/12.0.1/../../../../riscv64-unknown-linux-musl/lib/libc.a(syscall.o)
 .text.syscall_mknod
                0x00000002000048fe       0x30 /home/charleshong/k230_sdk/toolchain/riscv64-linux-musleabi_for_x86_64-pc-linux-gnu/bin/../lib/gcc/riscv64-unknown-linux-musl/12.0.1/../../../../riscv64-unknown-linux-musl/lib/libc.a(syscall.o)
 .text.syscall_chmod
                0x000000020000492e       0x30 /home/charleshong/k230_sdk/toolchain/riscv64-linux-musleabi_for_x86_64-pc-linux-gnu/bin/../lib/gcc/riscv64-unknown-linux-musl/12.0.1/../../../../riscv64-unknown-linux-musl/lib/libc.a(syscall.o)
 .text.syscall_signalfd4
                0x000000020000495e       0x30 /home/charleshong/k230_sdk/toolchain/riscv64-linux-musleabi_for_x86_64-pc-linux-gnu/bin/../lib/gcc/riscv64-unknown-linux-musl/12.0.1/../../../../riscv64-unknown-linux-musl/lib/libc.a(syscall.o)
 .text.syscall_eventfd2
                0x000000020000498e       0x30 /home/charleshong/k230_sdk/toolchain/riscv64-linux-musleabi_for_x86_64-pc-linux-gnu/bin/../lib/gcc/riscv64-unknown-linux-musl/12.0.1/../../../../riscv64-unknown-linux-musl/lib/libc.a(syscall.o)
 .text.syscall_epoll_create1
                0x00000002000049be       0x32 /home/charleshong/k230_sdk/toolchain/riscv64-linux-musleabi_for_x86_64-pc-linux-gnu/bin/../lib/gcc/riscv64-unknown-linux-musl/12.0.1/../../../../riscv64-unknown-linux-musl/lib/libc.a(syscall.o)
 .text.syscall_dup3
                0x00000002000049f0       0x30 /home/charleshong/k230_sdk/toolchain/riscv64-linux-musleabi_for_x86_64-pc-linux-gnu/bin/../lib/gcc/riscv64-unknown-linux-musl/12.0.1/../../../../riscv64-unknown-linux-musl/lib/libc.a(syscall.o)
 .text.syscall_pipe2
                0x0000000200004a20       0x30 /home/charleshong/k230_sdk/toolchain/riscv64-linux-musleabi_for_x86_64-pc-linux-gnu/bin/../lib/gcc/riscv64-unknown-linux-musl/12.0.1/../../../../riscv64-unknown-linux-musl/lib/libc.a(syscall.o)
 .text.syscall_inotify_init1
                0x0000000200004a50       0x30 /home/charleshong/k230_sdk/toolchain/riscv64-linux-musleabi_for_x86_64-pc-linux-gnu/bin/../lib/gcc/riscv64-unknown-linux-musl/12.0.1/../../../../riscv64-unknown-linux-musl/lib/libc.a(syscall.o)
 .text.syscall_preadv
                0x0000000200004a80       0x30 /home/charleshong/k230_sdk/toolchain/riscv64-linux-musleabi_for_x86_64-pc-linux-gnu/bin/../lib/gcc/riscv64-unknown-linux-musl/12.0.1/../../../../riscv64-unknown-linux-musl/lib/libc.a(syscall.o)
 .text.syscall_pwritev
                0x0000000200004ab0       0x30 /home/charleshong/k230_sdk/toolchain/riscv64-linux-musleabi_for_x86_64-pc-linux-gnu/bin/../lib/gcc/riscv64-unknown-linux-musl/12.0.1/../../../../riscv64-unknown-linux-musl/lib/libc.a(syscall.o)
 .text.syscall_rt_tgsigqueueinfo
                0x0000000200004ae0       0x30 /home/charleshong/k230_sdk/toolchain/riscv64-linux-musleabi_for_x86_64-pc-linux-gnu/bin/../lib/gcc/riscv64-unknown-linux-musl/12.0.1/../../../../riscv64-unknown-linux-musl/lib/libc.a(syscall.o)
 .text.syscall_perf_event_open
                0x0000000200004b10       0x30 /home/charleshong/k230_sdk/toolchain/riscv64-linux-musleabi_for_x86_64-pc-linux-gnu/bin/../lib/gcc/riscv64-unknown-linux-musl/12.0.1/../../../../riscv64-unknown-linux-musl/lib/libc.a(syscall.o)
 .text.syscall_recvmmsg
                0x0000000200004b40       0x30 /home/charleshong/k230_sdk/toolchain/riscv64-linux-musleabi_for_x86_64-pc-linux-gnu/bin/../lib/gcc/riscv64-unknown-linux-musl/12.0.1/../../../../riscv64-unknown-linux-musl/lib/libc.a(syscall.o)
 .text.syscall_accept4
                0x0000000200004b70       0x30 /home/charleshong/k230_sdk/toolchain/riscv64-linux-musleabi_for_x86_64-pc-linux-gnu/bin/../lib/gcc/riscv64-unknown-linux-musl/12.0.1/../../../../riscv64-unknown-linux-musl/lib/libc.a(syscall.o)
 .text.syscall_fanotify_init
                0x0000000200004ba0       0x30 /home/charleshong/k230_sdk/toolchain/riscv64-linux-musleabi_for_x86_64-pc-linux-gnu/bin/../lib/gcc/riscv64-unknown-linux-musl/12.0.1/../../../../riscv64-unknown-linux-musl/lib/libc.a(syscall.o)
 .text.syscall_fanotify_mark
                0x0000000200004bd0       0x30 /home/charleshong/k230_sdk/toolchain/riscv64-linux-musleabi_for_x86_64-pc-linux-gnu/bin/../lib/gcc/riscv64-unknown-linux-musl/12.0.1/../../../../riscv64-unknown-linux-musl/lib/libc.a(syscall.o)
 .text.syscall_name_to_handle_at
                0x0000000200004c00       0x30 /home/charleshong/k230_sdk/toolchain/riscv64-linux-musleabi_for_x86_64-pc-linux-gnu/bin/../lib/gcc/riscv64-unknown-linux-musl/12.0.1/../../../../riscv64-unknown-linux-musl/lib/libc.a(syscall.o)
 .text.syscall_open_by_handle_at
                0x0000000200004c30       0x30 /home/charleshong/k230_sdk/toolchain/riscv64-linux-musleabi_for_x86_64-pc-linux-gnu/bin/../lib/gcc/riscv64-unknown-linux-musl/12.0.1/../../../../riscv64-unknown-linux-musl/lib/libc.a(syscall.o)
 .text.syscall_clock_adjtime
                0x0000000200004c60       0x30 /home/charleshong/k230_sdk/toolchain/riscv64-linux-musleabi_for_x86_64-pc-linux-gnu/bin/../lib/gcc/riscv64-unknown-linux-musl/12.0.1/../../../../riscv64-unknown-linux-musl/lib/libc.a(syscall.o)
 .text.syscall_syncfs
                0x0000000200004c90       0x30 /home/charleshong/k230_sdk/toolchain/riscv64-linux-musleabi_for_x86_64-pc-linux-gnu/bin/../lib/gcc/riscv64-unknown-linux-musl/12.0.1/../../../../riscv64-unknown-linux-musl/lib/libc.a(syscall.o)
 .text.syscall_sendmmsg
                0x0000000200004cc0       0x30 /home/charleshong/k230_sdk/toolchain/riscv64-linux-musleabi_for_x86_64-pc-linux-gnu/bin/../lib/gcc/riscv64-unknown-linux-musl/12.0.1/../../../../riscv64-unknown-linux-musl/lib/libc.a(syscall.o)
 .text.syscall_setns
                0x0000000200004cf0       0x30 /home/charleshong/k230_sdk/toolchain/riscv64-linux-musleabi_for_x86_64-pc-linux-gnu/bin/../lib/gcc/riscv64-unknown-linux-musl/12.0.1/../../../../riscv64-unknown-linux-musl/lib/libc.a(syscall.o)
 .text.syscall_process_vm_readv
                0x0000000200004d20       0x30 /home/charleshong/k230_sdk/toolchain/riscv64-linux-musleabi_for_x86_64-pc-linux-gnu/bin/../lib/gcc/riscv64-unknown-linux-musl/12.0.1/../../../../riscv64-unknown-linux-musl/lib/libc.a(syscall.o)
 .text.syscall_process_vm_writev
                0x0000000200004d50       0x30 /home/charleshong/k230_sdk/toolchain/riscv64-linux-musleabi_for_x86_64-pc-linux-gnu/bin/../lib/gcc/riscv64-unknown-linux-musl/12.0.1/../../../../riscv64-unknown-linux-musl/lib/libc.a(syscall.o)
 .text.syscall_kcmp
                0x0000000200004d80       0x30 /home/charleshong/k230_sdk/toolchain/riscv64-linux-musleabi_for_x86_64-pc-linux-gnu/bin/../lib/gcc/riscv64-unknown-linux-musl/12.0.1/../../../../riscv64-unknown-linux-musl/lib/libc.a(syscall.o)
 .text.syscall_finit_module
                0x0000000200004db0       0x30 /home/charleshong/k230_sdk/toolchain/riscv64-linux-musleabi_for_x86_64-pc-linux-gnu/bin/../lib/gcc/riscv64-unknown-linux-musl/12.0.1/../../../../riscv64-unknown-linux-musl/lib/libc.a(syscall.o)
 .text.syscall_sched_setattr
                0x0000000200004de0       0x30 /home/charleshong/k230_sdk/toolchain/riscv64-linux-musleabi_for_x86_64-pc-linux-gnu/bin/../lib/gcc/riscv64-unknown-linux-musl/12.0.1/../../../../riscv64-unknown-linux-musl/lib/libc.a(syscall.o)
 .text.syscall_sched_getattr
                0x0000000200004e10       0x30 /home/charleshong/k230_sdk/toolchain/riscv64-linux-musleabi_for_x86_64-pc-linux-gnu/bin/../lib/gcc/riscv64-unknown-linux-musl/12.0.1/../../../../riscv64-unknown-linux-musl/lib/libc.a(syscall.o)
 .text.syscall_renameat2
                0x0000000200004e40       0x30 /home/charleshong/k230_sdk/toolchain/riscv64-linux-musleabi_for_x86_64-pc-linux-gnu/bin/../lib/gcc/riscv64-unknown-linux-musl/12.0.1/../../../../riscv64-unknown-linux-musl/lib/libc.a(syscall.o)
 .text.syscall_seccomp
                0x0000000200004e70       0x30 /home/charleshong/k230_sdk/toolchain/riscv64-linux-musleabi_for_x86_64-pc-linux-gnu/bin/../lib/gcc/riscv64-unknown-linux-musl/12.0.1/../../../../riscv64-unknown-linux-musl/lib/libc.a(syscall.o)
 .text.syscall_memfd_create
                0x0000000200004ea0       0x30 /home/charleshong/k230_sdk/toolchain/riscv64-linux-musleabi_for_x86_64-pc-linux-gnu/bin/../lib/gcc/riscv64-unknown-linux-musl/12.0.1/../../../../riscv64-unknown-linux-musl/lib/libc.a(syscall.o)
 .text.syscall_bpf
                0x0000000200004ed0       0x30 /home/charleshong/k230_sdk/toolchain/riscv64-linux-musleabi_for_x86_64-pc-linux-gnu/bin/../lib/gcc/riscv64-unknown-linux-musl/12.0.1/../../../../riscv64-unknown-linux-musl/lib/libc.a(syscall.o)
 .text.syscall_execveat
                0x0000000200004f00       0x30 /home/charleshong/k230_sdk/toolchain/riscv64-linux-musleabi_for_x86_64-pc-linux-gnu/bin/../lib/gcc/riscv64-unknown-linux-musl/12.0.1/../../../../riscv64-unknown-linux-musl/lib/libc.a(syscall.o)
 .text.syscall_userfaultfd
                0x0000000200004f30       0x30 /home/charleshong/k230_sdk/toolchain/riscv64-linux-musleabi_for_x86_64-pc-linux-gnu/bin/../lib/gcc/riscv64-unknown-linux-musl/12.0.1/../../../../riscv64-unknown-linux-musl/lib/libc.a(syscall.o)
 .text.syscall_mq_open
                0x0000000200004f60       0x30 /home/charleshong/k230_sdk/toolchain/riscv64-linux-musleabi_for_x86_64-pc-linux-gnu/bin/../lib/gcc/riscv64-unknown-linux-musl/12.0.1/../../../../riscv64-unknown-linux-musl/lib/libc.a(syscall.o)
 .text.syscall_mq_unlink
                0x0000000200004f90       0x30 /home/charleshong/k230_sdk/toolchain/riscv64-linux-musleabi_for_x86_64-pc-linux-gnu/bin/../lib/gcc/riscv64-unknown-linux-musl/12.0.1/../../../../riscv64-unknown-linux-musl/lib/libc.a(syscall.o)
 .text.syscall_mq_timedsend
                0x0000000200004fc0       0x30 /home/charleshong/k230_sdk/toolchain/riscv64-linux-musleabi_for_x86_64-pc-linux-gnu/bin/../lib/gcc/riscv64-unknown-linux-musl/12.0.1/../../../../riscv64-unknown-linux-musl/lib/libc.a(syscall.o)
 .text.syscall_mq_timedreceive
                0x0000000200004ff0       0x30 /home/charleshong/k230_sdk/toolchain/riscv64-linux-musleabi_for_x86_64-pc-linux-gnu/bin/../lib/gcc/riscv64-unknown-linux-musl/12.0.1/../../../../riscv64-unknown-linux-musl/lib/libc.a(syscall.o)
 .text.syscall_mq_notify
                0x0000000200005020       0x30 /home/charleshong/k230_sdk/toolchain/riscv64-linux-musleabi_for_x86_64-pc-linux-gnu/bin/../lib/gcc/riscv64-unknown-linux-musl/12.0.1/../../../../riscv64-unknown-linux-musl/lib/libc.a(syscall.o)
 .text.syscall_mq_getsetattr
                0x0000000200005050       0x30 /home/charleshong/k230_sdk/toolchain/riscv64-linux-musleabi_for_x86_64-pc-linux-gnu/bin/../lib/gcc/riscv64-unknown-linux-musl/12.0.1/../../../../riscv64-unknown-linux-musl/lib/libc.a(syscall.o)
 .text.syscall_waitid
                0x0000000200005080       0x30 /home/charleshong/k230_sdk/toolchain/riscv64-linux-musleabi_for_x86_64-pc-linux-gnu/bin/../lib/gcc/riscv64-unknown-linux-musl/12.0.1/../../../../riscv64-unknown-linux-musl/lib/libc.a(syscall.o)
 .text.syscall_socketpair
                0x00000002000050b0       0x30 /home/charleshong/k230_sdk/toolchain/riscv64-linux-musleabi_for_x86_64-pc-linux-gnu/bin/../lib/gcc/riscv64-unknown-linux-musl/12.0.1/../../../../riscv64-unknown-linux-musl/lib/libc.a(syscall.o)
 .text.syscall_shutdown
                0x00000002000050e0       0x30 /home/charleshong/k230_sdk/toolchain/riscv64-linux-musleabi_for_x86_64-pc-linux-gnu/bin/../lib/gcc/riscv64-unknown-linux-musl/12.0.1/../../../../riscv64-unknown-linux-musl/lib/libc.a(syscall.o)
 .text.syscall_sendmsg
                0x0000000200005110       0x30 /home/charleshong/k230_sdk/toolchain/riscv64-linux-musleabi_for_x86_64-pc-linux-gnu/bin/../lib/gcc/riscv64-unknown-linux-musl/12.0.1/../../../../riscv64-unknown-linux-musl/lib/libc.a(syscall.o)
 .text.syscall_recvmsg
                0x0000000200005140       0x30 /home/charleshong/k230_sdk/toolchain/riscv64-linux-musleabi_for_x86_64-pc-linux-gnu/bin/../lib/gcc/riscv64-unknown-linux-musl/12.0.1/../../../../riscv64-unknown-linux-musl/lib/libc.a(syscall.o)
 .text.syscall_semop
                0x0000000200005170       0x30 /home/charleshong/k230_sdk/toolchain/riscv64-linux-musleabi_for_x86_64-pc-linux-gnu/bin/../lib/gcc/riscv64-unknown-linux-musl/12.0.1/../../../../riscv64-unknown-linux-musl/lib/libc.a(syscall.o)
 .text.syscall_semget